[    0.000000] microcode: microcode updated early to revision 0x26, date = 2024-12-05
[    0.000000] Linux version 5.15.0-173-generic (buildd@lcy02-amd64-034) (gcc (Ubuntu 11.4.0-1ubuntu1~22.04.3) 11.4.0, GNU ld (GNU Binutils for Ubuntu) 2.38) #183-Ubuntu SMP Fri Mar 6 13:29:34 UTC 2026 (Ubuntu 5.15.0-173.183-generic 5.15.198)
[    0.000000] Command line: BOOT_IMAGE=/boot/vmlinuz-5.15.0-173-generic root=UUID=9ea9b1d6-d5ec-4bc3-82e4-2d99291b77cc ro quiet splash vt.handoff=7
[    0.000000] KERNEL supported cpus:
[    0.000000]   Intel GenuineIntel
[    0.000000]   AMD AuthenticAMD
[    0.000000]   Hygon HygonGenuine
[    0.000000]   Centaur CentaurHauls
[    0.000000]   zhaoxin   Shanghai  
[    0.000000] BIOS-provided physical RAM map:
[    0.000000] BIOS-e820: [mem 0x0000000000000000-0x000000000003efff] usable
[    0.000000] BIOS-e820: [mem 0x000000000003f000-0x000000000003ffff] reserved
[    0.000000] BIOS-e820: [mem 0x0000000000040000-0x0000000000058fff] usable
[    0.000000] BIOS-e820: [mem 0x0000000000059000-0x0000000000059fff] reserved
[    0.000000] BIOS-e820: [mem 0x000000000005a000-0x000000000009dfff] usable
[    0.000000] BIOS-e820: [mem 0x000000000009e000-0x00000000000fffff] reserved
[    0.000000] BIOS-e820: [mem 0x0000000000100000-0x000000000fffffff] usable
[    0.000000] BIOS-e820: [mem 0x0000000010000000-0x0000000012150fff] reserved
[    0.000000] BIOS-e820: [mem 0x0000000012151000-0x00000000673d6fff] usable
[    0.000000] BIOS-e820: [mem 0x00000000673d7000-0x0000000069c9bfff] reserved
[    0.000000] BIOS-e820: [mem 0x0000000069c9c000-0x0000000069cbffff] ACPI data
[    0.000000] BIOS-e820: [mem 0x0000000069cc0000-0x0000000069d1ffff] ACPI NVS
[    0.000000] BIOS-e820: [mem 0x0000000069d20000-0x000000006a16efff] reserved
[    0.000000] BIOS-e820: [mem 0x000000006a16f000-0x000000006a564fff] usable
[    0.000000] BIOS-e820: [mem 0x000000006a565000-0x000000006a610fff] reserved
[    0.000000] BIOS-e820: [mem 0x000000006a611000-0x000000006abfffff] usable
[    0.000000] BIOS-e820: [mem 0x000000006ac00000-0x000000007fffffff] reserved
[    0.000000] BIOS-e820: [mem 0x00000000d0000000-0x00000000d0ffffff] reserved
[    0.000000] BIOS-e820: [mem 0x00000000d3709000-0x00000000d3709fff] reserved
[    0.000000] BIOS-e820: [mem 0x00000000e0000000-0x00000000efffffff] reserved
[    0.000000] BIOS-e820: [mem 0x00000000fe042000-0x00000000fe044fff] reserved
[    0.000000] BIOS-e820: [mem 0x00000000fe900000-0x00000000fe902fff] reserved
[    0.000000] BIOS-e820: [mem 0x00000000fec00000-0x00000000fec00fff] reserved
[    0.000000] BIOS-e820: [mem 0x00000000fed01000-0x00000000fed01fff] reserved
[    0.000000] BIOS-e820: [mem 0x00000000fee00000-0x00000000fee00fff] reserved
[    0.000000] BIOS-e820: [mem 0x00000000ff000000-0x00000000ffffffff] reserved
[    0.000000] BIOS-e820: [mem 0x0000000100000000-0x000000027fffffff] usable
[    0.000000] NX (Execute Disable) protection: active
[    0.000000] e820: update [mem 0x5b95a018-0x5b96a057] usable ==> usable
[    0.000000] e820: update [mem 0x5b95a018-0x5b96a057] usable ==> usable
[    0.000000] e820: update [mem 0x5b94b018-0x5b959057] usable ==> usable
[    0.000000] e820: update [mem 0x5b94b018-0x5b959057] usable ==> usable
[    0.000000] extended physical RAM map:
[    0.000000] reserve setup_data: [mem 0x0000000000000000-0x000000000003efff] usable
[    0.000000] reserve setup_data: [mem 0x000000000003f000-0x000000000003ffff] reserved
[    0.000000] reserve setup_data: [mem 0x0000000000040000-0x0000000000058fff] usable
[    0.000000] reserve setup_data: [mem 0x0000000000059000-0x0000000000059fff] reserved
[    0.000000] reserve setup_data: [mem 0x000000000005a000-0x000000000009dfff] usable
[    0.000000] reserve setup_data: [mem 0x000000000009e000-0x00000000000fffff] reserved
[    0.000000] reserve setup_data: [mem 0x0000000000100000-0x000000000fffffff] usable
[    0.000000] reserve setup_data: [mem 0x0000000010000000-0x0000000012150fff] reserved
[    0.000000] reserve setup_data: [mem 0x0000000012151000-0x000000005b94b017] usable
[    0.000000] reserve setup_data: [mem 0x000000005b94b018-0x000000005b959057] usable
[    0.000000] reserve setup_data: [mem 0x000000005b959058-0x000000005b95a017] usable
[    0.000000] reserve setup_data: [mem 0x000000005b95a018-0x000000005b96a057] usable
[    0.000000] reserve setup_data: [mem 0x000000005b96a058-0x00000000673d6fff] usable
[    0.000000] reserve setup_data: [mem 0x00000000673d7000-0x0000000069c9bfff] reserved
[    0.000000] reserve setup_data: [mem 0x0000000069c9c000-0x0000000069cbffff] ACPI data
[    0.000000] reserve setup_data: [mem 0x0000000069cc0000-0x0000000069d1ffff] ACPI NVS
[    0.000000] reserve setup_data: [mem 0x0000000069d20000-0x000000006a16efff] reserved
[    0.000000] reserve setup_data: [mem 0x000000006a16f000-0x000000006a564fff] usable
[    0.000000] reserve setup_data: [mem 0x000000006a565000-0x000000006a610fff] reserved
[    0.000000] reserve setup_data: [mem 0x000000006a611000-0x000000006abfffff] usable
[    0.000000] reserve setup_data: [mem 0x000000006ac00000-0x000000007fffffff] reserved
[    0.000000] reserve setup_data: [mem 0x00000000d0000000-0x00000000d0ffffff] reserved
[    0.000000] reserve setup_data: [mem 0x00000000d3709000-0x00000000d3709fff] reserved
[    0.000000] reserve setup_data: [mem 0x00000000e0000000-0x00000000efffffff] reserved
[    0.000000] reserve setup_data: [mem 0x00000000fe042000-0x00000000fe044fff] reserved
[    0.000000] reserve setup_data: [mem 0x00000000fe900000-0x00000000fe902fff] reserved
[    0.000000] reserve setup_data: [mem 0x00000000fec00000-0x00000000fec00fff] reserved
[    0.000000] reserve setup_data: [mem 0x00000000fed01000-0x00000000fed01fff] reserved
[    0.000000] reserve setup_data: [mem 0x00000000fee00000-0x00000000fee00fff] reserved
[    0.000000] reserve setup_data: [mem 0x00000000ff000000-0x00000000ffffffff] reserved
[    0.000000] reserve setup_data: [mem 0x0000000100000000-0x000000027fffffff] usable
[    0.000000] efi: EFI v2.70 by American Megatrends
[    0.000000] efi: ACPI 2.0=0x69cac000 ACPI=0x69cac000 TPMFinalLog=0x69cee000 SMBIOS=0x69f6d000 SMBIOS 3.0=0x69f6c000 MEMATTR=0x63387018 ESRT=0x69f48f18 MOKvar=0x69f97000 RNG=0x69cab018 TPMEventLog=0x69ca2018 
[    0.000000] random: crng init done
[    0.000000] secureboot: Secure boot enabled
[    0.000000] Kernel is locked down from EFI Secure Boot mode; see man kernel_lockdown.7
[    0.000000] SMBIOS 3.2.0 present.
[    0.000000] DMI: Intel(R) Client Systems NUC7PJYHN/NUC7JYB, BIOS JYGLKCPX.86A.0067.2021.1111.1431 11/11/2021
[    0.000000] tsc: Detected 1996.800 MHz processor
[    0.000029] e820: update [mem 0x00000000-0x00000fff] usable ==> reserved
[    0.000036] e820: remove [mem 0x000a0000-0x000fffff] usable
[    0.000065] last_pfn = 0x280000 max_arch_pfn = 0x400000000
[    0.000115] x86/PAT: Configuration [0-7]: WB  WC  UC- UC  WB  WP  UC- WT  
[    0.000340] last_pfn = 0x6ac00 max_arch_pfn = 0x400000000
[    0.008052] esrt: Reserving ESRT space from 0x0000000069f48f18 to 0x0000000069f48f50.
[    0.008073] Using GB pages for direct mapping
[    0.009372] secureboot: Secure boot enabled
[    0.009373] RAMDISK: [mem 0x5b96b000-0x605a0fff]
[    0.009385] ACPI: Early table checksum verification disabled
[    0.009392] ACPI: RSDP 0x0000000069CAC000 000024 (v02 INTEL )
[    0.009399] ACPI: XSDT 0x0000000069CAC0C0 0000DC (v01 INTEL  NUC7CJYB 01072009 AMI  00010013)
[    0.009410] ACPI: FACP 0x0000000069CB9630 000114 (v06 INTEL  NUC7CJYB 01072009 AMI  00010013)
[    0.009421] ACPI: DSDT 0x0000000069CAC230 00D3FB (v02 INTEL  NUC7CJYB 01072009 INTL 20160930)
[    0.009429] ACPI: FACS 0x0000000069D1F080 000040
[    0.009434] ACPI: FPDT 0x0000000069CB9750 000044 (v01 INTEL  NUC7CJYB 01072009 AMI  00010013)
[    0.009441] ACPI: FIDT 0x0000000069CB97A0 00009C (v01 INTEL  NUC7CJYB 01072009 AMI  00010013)
[    0.009447] ACPI: MCFG 0x0000000069CB9840 00003C (v01 INTEL  NUC7CJYB 01072009 MSFT 00000097)
[    0.009453] ACPI: DBG2 0x0000000069CB9880 000072 (v00 INTEL  NUC7CJYB 00000003 BRXT 0100000D)
[    0.009460] ACPI: DBGP 0x0000000069CB9900 000034 (v01 INTEL  NUC7CJYB 00000003 BRXT 0100000D)
[    0.009466] ACPI: HPET 0x0000000069CB9940 000038 (v01 INTEL  NUC7CJYB 00000003 BRXT 0100000D)
[    0.009472] ACPI: LPIT 0x0000000069CB9980 00005C (v01 INTEL  NUC7CJYB 00000003 BRXT 0100000D)
[    0.009478] ACPI: APIC 0x0000000069CB99E0 000084 (v04 INTEL  NUC7CJYB 00000003 BRXT 0100000D)
[    0.009485] ACPI: NPKT 0x0000000069CB9A70 000065 (v01 INTEL  NUC7CJYB 00000003 BRXT 0100000D)
[    0.009491] ACPI: SSDT 0x0000000069CB9AE0 0010B3 (v02 INTEL  NUC7CJYB 00000003 BRXT 0100000D)
[    0.009497] ACPI: SSDT 0x0000000069CBABA0 0009FF (v01 INTEL  NUC7CJYB 00001000 INTL 20160930)
[    0.009504] ACPI: SSDT 0x0000000069CBB5A0 0000B1 (v01 INTEL  NUC7CJYB 00001000 INTL 20160930)
[    0.009510] ACPI: SSDT 0x0000000069CBB660 000661 (v02 INTEL  NUC7CJYB 00003000 INTL 20160930)
[    0.009517] ACPI: SSDT 0x0000000069CBBCD0 000775 (v02 INTEL  NUC7CJYB 00003000 INTL 20160930)
[    0.009524] ACPI: SSDT 0x0000000069CBC450 00035F (v02 INTEL  NUC7CJYB 00003000 INTL 20160930)
[    0.009530] ACPI: SSDT 0x0000000069CBC7B0 0001E6 (v02 INTEL  NUC7CJYB 00003000 INTL 20160930)
[    0.009536] ACPI: SSDT 0x0000000069CBC9A0 00286F (v02 INTEL  NUC7CJYB 00003000 INTL 20160930)
[    0.009543] ACPI: BGRT 0x0000000069CBF210 000038 (v01 INTEL  NUC7CJYB 01072009 AMI  00010013)
[    0.009549] ACPI: TPM2 0x0000000069CBF250 000034 (v04 INTEL  NUC7CJYB 00000001 AMI  00000000)
[    0.009556] ACPI: DMAR 0x0000000069CBF290 0000A8 (v01 INTEL  NUC7CJYB 00000003 BRXT 0100000D)
[    0.009562] ACPI: WDAT 0x0000000069CBF340 000104 (v01 INTEL  NUC7CJYB 00000000      00000000)
[    0.009568] ACPI: WSMT 0x0000000069CBF450 000028 (v01 INTEL  NUC7CJYB 01072009 AMI  00010013)
[    0.009574] ACPI: Reserving FACP table memory at [mem 0x69cb9630-0x69cb9743]
[    0.009577] ACPI: Reserving DSDT table memory at [mem 0x69cac230-0x69cb962a]
[    0.009579] ACPI: Reserving FACS table memory at [mem 0x69d1f080-0x69d1f0bf]
[    0.009581] ACPI: Reserving FPDT table memory at [mem 0x69cb9750-0x69cb9793]
[    0.009583] ACPI: Reserving FIDT table memory at [mem 0x69cb97a0-0x69cb983b]
[    0.009586] ACPI: Reserving MCFG table memory at [mem 0x69cb9840-0x69cb987b]
[    0.009588] ACPI: Reserving DBG2 table memory at [mem 0x69cb9880-0x69cb98f1]
[    0.009590] ACPI: Reserving DBGP table memory at [mem 0x69cb9900-0x69cb9933]
[    0.009592] ACPI: Reserving HPET table memory at [mem 0x69cb9940-0x69cb9977]
[    0.009594] ACPI: Reserving LPIT table memory at [mem 0x69cb9980-0x69cb99db]
[    0.009596] ACPI: Reserving APIC table memory at [mem 0x69cb99e0-0x69cb9a63]
[    0.009598] ACPI: Reserving NPKT table memory at [mem 0x69cb9a70-0x69cb9ad4]
[    0.009601] ACPI: Reserving SSDT table memory at [mem 0x69cb9ae0-0x69cbab92]
[    0.009603] ACPI: Reserving SSDT table memory at [mem 0x69cbaba0-0x69cbb59e]
[    0.009605] ACPI: Reserving SSDT table memory at [mem 0x69cbb5a0-0x69cbb650]
[    0.009607] ACPI: Reserving SSDT table memory at [mem 0x69cbb660-0x69cbbcc0]
[    0.009609] ACPI: Reserving SSDT table memory at [mem 0x69cbbcd0-0x69cbc444]
[    0.009612] ACPI: Reserving SSDT table memory at [mem 0x69cbc450-0x69cbc7ae]
[    0.009614] ACPI: Reserving SSDT table memory at [mem 0x69cbc7b0-0x69cbc995]
[    0.009616] ACPI: Reserving SSDT table memory at [mem 0x69cbc9a0-0x69cbf20e]
[    0.009618] ACPI: Reserving BGRT table memory at [mem 0x69cbf210-0x69cbf247]
[    0.009621] ACPI: Reserving TPM2 table memory at [mem 0x69cbf250-0x69cbf283]
[    0.009623] ACPI: Reserving DMAR table memory at [mem 0x69cbf290-0x69cbf337]
[    0.009625] ACPI: Reserving WDAT table memory at [mem 0x69cbf340-0x69cbf443]
[    0.009627] ACPI: Reserving WSMT table memory at [mem 0x69cbf450-0x69cbf477]
[    0.010164] No NUMA configuration found
[    0.010167] Faking a node at [mem 0x0000000000000000-0x000000027fffffff]
[    0.010191] NODE_DATA(0) allocated [mem 0x27ffd6000-0x27fffffff]
[    0.011126] Zone ranges:
[    0.011127]   DMA      [mem 0x0000000000001000-0x0000000000ffffff]
[    0.011131]   DMA32    [mem 0x0000000001000000-0x00000000ffffffff]
[    0.011135]   Normal   [mem 0x0000000100000000-0x000000027fffffff]
[    0.011138]   Device   empty
[    0.011141] Movable zone start for each node
[    0.011147] Early memory node ranges
[    0.011149]   node   0: [mem 0x0000000000001000-0x000000000003efff]
[    0.011152]   node   0: [mem 0x0000000000040000-0x0000000000058fff]
[    0.011154]   node   0: [mem 0x000000000005a000-0x000000000009dfff]
[    0.011156]   node   0: [mem 0x0000000000100000-0x000000000fffffff]
[    0.011158]   node   0: [mem 0x0000000012151000-0x00000000673d6fff]
[    0.011160]   node   0: [mem 0x000000006a16f000-0x000000006a564fff]
[    0.011162]   node   0: [mem 0x000000006a611000-0x000000006abfffff]
[    0.011164]   node   0: [mem 0x0000000100000000-0x000000027fffffff]
[    0.011168] Initmem setup node 0 [mem 0x0000000000001000-0x000000027fffffff]
[    0.011178] On node 0, zone DMA: 1 pages in unavailable ranges
[    0.011181] On node 0, zone DMA: 1 pages in unavailable ranges
[    0.011184] On node 0, zone DMA: 1 pages in unavailable ranges
[    0.011262] On node 0, zone DMA: 98 pages in unavailable ranges
[    0.019367] On node 0, zone DMA32: 8529 pages in unavailable ranges
[    0.019838] On node 0, zone DMA32: 11672 pages in unavailable ranges
[    0.019876] On node 0, zone DMA32: 172 pages in unavailable ranges
[    0.050326] On node 0, zone Normal: 21504 pages in unavailable ranges
[    0.050350] Reserving Intel graphics memory at [mem 0x7c000000-0x7fffffff]
[    0.050548] ACPI: PM-Timer IO Port: 0x408
[    0.050565] ACPI: LAPIC_NMI (acpi_id[0x01] high level lint[0x1])
[    0.050569] ACPI: LAPIC_NMI (acpi_id[0x02] high level lint[0x1])
[    0.050571] ACPI: LAPIC_NMI (acpi_id[0x03] high level lint[0x1])
[    0.050573] ACPI: LAPIC_NMI (acpi_id[0x04] high level lint[0x1])
[    0.050609] IOAPIC[0]: apic_id 1, version 32, address 0xfec00000, GSI 0-119
[    0.050615] ACPI: INT_SRC_OVR (bus 0 bus_irq 0 global_irq 2 dfl dfl)
[    0.050619] ACPI: INT_SRC_OVR (bus 0 bus_irq 9 global_irq 9 low level)
[    0.050626] ACPI: Using ACPI (MADT) for SMP configuration information
[    0.050628] ACPI: HPET id: 0x8086a701 base: 0xfed00000
[    0.050645] e820: update [mem 0x63d61000-0x63dfafff] usable ==> reserved
[    0.050681] TSC deadline timer available
[    0.050683] smpboot: Allowing 4 CPUs, 0 hotplug CPUs
[    0.050753] PM: hibernation: Registered nosave memory: [mem 0x00000000-0x00000fff]
[    0.050759] PM: hibernation: Registered nosave memory: [mem 0x0003f000-0x0003ffff]
[    0.050763] PM: hibernation: Registered nosave memory: [mem 0x00059000-0x00059fff]
[    0.050768] PM: hibernation: Registered nosave memory: [mem 0x0009e000-0x000fffff]
[    0.050772] PM: hibernation: Registered nosave memory: [mem 0x10000000-0x12150fff]
[    0.050777] PM: hibernation: Registered nosave memory: [mem 0x63d61000-0x63dfafff]
[    0.050782] PM: hibernation: Registered nosave memory: [mem 0x673d7000-0x6a16efff]
[    0.050786] PM: hibernation: Registered nosave memory: [mem 0x6a565000-0x6a610fff]
[    0.050791] PM: hibernation: Registered nosave memory: [mem 0x6ac00000-0xffffffff]
[    0.050794] [mem 0x80000000-0xcfffffff] available for PCI devices
[    0.050797] Booting paravirtualized kernel on bare hardware
[    0.050802] clocksource: refined-jiffies: mask: 0xffffffff max_cycles: 0xffffffff, max_idle_ns: 7645519600211568 ns
[    0.050820] setup_percpu: NR_CPUS:8192 nr_cpumask_bits:4 nr_cpu_ids:4 nr_node_ids:1
[    0.051254] percpu: Embedded 62 pages/cpu s217088 r8192 d28672 u524288
[    0.051272] pcpu-alloc: s217088 r8192 d28672 u524288 alloc=1*2097152
[    0.051278] pcpu-alloc: [0] 0 1 2 3 
[    0.051353] Built 1 zonelists, mobility grouping on.  Total pages: 1958393
[    0.051358] Policy zone: Normal
[    0.051361] Kernel command line: BOOT_IMAGE=/boot/vmlinuz-5.15.0-173-generic root=UUID=9ea9b1d6-d5ec-4bc3-82e4-2d99291b77cc ro quiet splash vt.handoff=7
[    0.051528] Unknown kernel command line parameters "splash", will be passed to user space.
[    0.052750] Dentry cache hash table entries: 1048576 (order: 11, 8388608 bytes, linear)
[    0.053386] Inode-cache hash table entries: 524288 (order: 10, 4194304 bytes, linear)
[    0.053502] mem auto-init: stack:off, heap alloc:on, heap free:off
[    0.107786] Memory: 7596496K/7958552K available (16393K kernel code, 4401K rwdata, 11000K rodata, 3296K init, 18768K bss, 361796K reserved, 0K cma-reserved)
[    0.108033] SLUB: HWalign=64, Order=0-3, MinObjects=0, CPUs=4, Nodes=1
[    0.108080] ftrace: allocating 50901 entries in 199 pages
[    0.152792] ftrace: allocated 199 pages with 5 groups
[    0.153003] rcu: Hierarchical RCU implementation.
[    0.153006] rcu: 	RCU restricting CPUs from NR_CPUS=8192 to nr_cpu_ids=4.
[    0.153009] 	Rude variant of Tasks RCU enabled.
[    0.153010] 	Tracing variant of Tasks RCU enabled.
[    0.153011] rcu: RCU calculated value of scheduler-enlistment delay is 25 jiffies.
[    0.153014] rcu: Adjusting geometry for rcu_fanout_leaf=16, nr_cpu_ids=4
[    0.163183] NR_IRQS: 524544, nr_irqs: 1024, preallocated irqs: 16
[    0.163901] Console: colour dummy device 80x25
[    0.163935] printk: console [tty0] enabled
[    0.163968] ACPI: Core revision 20210730
[    0.164294] clocksource: hpet: mask: 0xffffffff max_cycles: 0xffffffff, max_idle_ns: 99544814920 ns
[    0.164400] APIC: Switch to symmetric I/O mode setup
[    0.164404] DMAR: Host address width 39
[    0.164406] DMAR: DRHD base: 0x000000fed64000 flags: 0x0
[    0.164416] DMAR: dmar0: reg_base_addr fed64000 ver 1:0 cap 1c0000c40660462 ecap 9e2ff0505e
[    0.164421] DMAR: DRHD base: 0x000000fed65000 flags: 0x1
[    0.164429] DMAR: dmar1: reg_base_addr fed65000 ver 1:0 cap d2008c40660462 ecap f050da
[    0.164434] DMAR: RMRR base: 0x00000069c3a000 end: 0x00000069c59fff
[    0.164437] DMAR: RMRR base: 0x0000007b800000 end: 0x0000007fffffff
[    0.164441] DMAR-IR: IOAPIC id 1 under DRHD base  0xfed65000 IOMMU 1
[    0.164443] DMAR-IR: HPET id 0 under DRHD base 0xfed65000
[    0.164445] DMAR-IR: Queued invalidation will be enabled to support x2apic and Intr-remapping.
[    0.166493] DMAR-IR: Enabled IRQ remapping in x2apic mode
[    0.166498] x2apic enabled
[    0.166522] Switched APIC routing to cluster x2apic.
[    0.171395] ..TIMER: vector=0x30 apic1=0 pin1=2 apic2=-1 pin2=-1
[    0.188363] clocksource: tsc-early: mask: 0xffffffffffffffff max_cycles: 0x3990bec8342, max_idle_ns: 881590769617 ns
[    0.188377] Calibrating delay loop (skipped), value calculated using timer frequency.. 3993.60 BogoMIPS (lpj=7987200)
[    0.188448] CPU0: Thermal monitoring enabled (TM1)
[    0.188452] x86/cpu: User Mode Instruction Prevention (UMIP) activated
[    0.188562] process: using mwait in idle threads
[    0.188566] Last level iTLB entries: 4KB 0, 2MB 0, 4MB 0
[    0.188567] Last level dTLB entries: 4KB 0, 2MB 0, 4MB 0, 1GB 0
[    0.188573] Spectre V1 : Mitigation: usercopy/swapgs barriers and __user pointer sanitization
[    0.188578] Spectre V2 : Spectre BHI mitigation: SW BHB clearing on vm exit
[    0.188580] Spectre V2 : Spectre BHI mitigation: SW BHB clearing on syscall
[    0.188582] Spectre V2 : Mitigation: Enhanced / Automatic IBRS
[    0.188586] Spectre V2 : mitigation: Enabling conditional Indirect Branch Prediction Barrier
[    0.188588] Speculative Store Bypass: Mitigation: Speculative Store Bypass disabled via prctl and seccomp
[    0.188591] Register File Data Sampling: Mitigation: Clear Register File
[    0.188600] x86/fpu: Supporting XSAVE feature 0x001: 'x87 floating point registers'
[    0.188603] x86/fpu: Supporting XSAVE feature 0x002: 'SSE registers'
[    0.188605] x86/fpu: Supporting XSAVE feature 0x008: 'MPX bounds registers'
[    0.188606] x86/fpu: Supporting XSAVE feature 0x010: 'MPX CSR'
[    0.188609] x86/fpu: xstate_offset[3]:  576, xstate_sizes[3]:   64
[    0.188612] x86/fpu: xstate_offset[4]:  640, xstate_sizes[4]:   64
[    0.188614] x86/fpu: Enabled xstate features 0x1b, context size is 704 bytes, using 'compacted' format.
[    0.228348] Freeing SMP alternatives memory: 44K
[    0.228356] pid_max: default: 32768 minimum: 301
[    0.230201] LSM: Security Framework initializing
[    0.230221] landlock: Up and running.
[    0.230223] Yama: becoming mindful.
[    0.230263] AppArmor: AppArmor initialized
[    0.230341] Mount-cache hash table entries: 16384 (order: 5, 131072 bytes, linear)
[    0.230363] Mountpoint-cache hash table entries: 16384 (order: 5, 131072 bytes, linear)
[    0.230883] smpboot: Estimated ratio of average max frequency by base frequency (times 1024): 1638
[    0.230907] smpboot: CPU0: Intel(R) Pentium(R) Silver J5040 CPU @ 2.00GHz (family: 0x6, model: 0x7a, stepping: 0x8)
[    0.231190] Performance Events: PEBS fmt3+, Goldmont plus events, 32-deep LBR, full-width counters, Intel PMU driver.
[    0.231210] ... version:                4
[    0.231211] ... bit width:              48
[    0.231213] ... generic registers:      4
[    0.231214] ... value mask:             0000ffffffffffff
[    0.231215] ... max period:             00007fffffffffff
[    0.231217] ... fixed-purpose events:   3
[    0.231218] ... event mask:             000000070000000f
[    0.231319] signal: max sigframe size: 2032
[    0.231356] rcu: Hierarchical SRCU implementation.
[    0.232363] NMI watchdog: Enabled. Permanently consumes one hw-PMU counter.
[    0.232371] smp: Bringing up secondary CPUs ...
[    0.232371] x86: Booting SMP configuration:
[    0.232371] .... node  #0, CPUs:      #1 #2 #3
[    0.252876] smp: Brought up 1 node, 4 CPUs
[    0.252876] smpboot: Max logical packages: 1
[    0.252876] smpboot: Total of 4 processors activated (15974.40 BogoMIPS)
[    0.253279] devtmpfs: initialized
[    0.253279] x86/mm: Memory block size: 128MB
[    0.253672] ACPI: PM: Registering ACPI NVS region [mem 0x69cc0000-0x69d1ffff] (393216 bytes)
[    0.253672] clocksource: jiffies: mask: 0xffffffff max_cycles: 0xffffffff, max_idle_ns: 7645041785100000 ns
[    0.253672] futex hash table entries: 1024 (order: 4, 65536 bytes, linear)
[    0.253672] pinctrl core: initialized pinctrl subsystem
[    0.253672] PM: RTC time: 17:58:53, date: 2026-03-31
[    0.253672] NET: Registered PF_NETLINK/PF_ROUTE protocol family
[    0.256697] DMA: preallocated 1024 KiB GFP_KERNEL pool for atomic allocations
[    0.256860] DMA: preallocated 1024 KiB GFP_KERNEL|GFP_DMA pool for atomic allocations
[    0.257021] DMA: preallocated 1024 KiB GFP_KERNEL|GFP_DMA32 pool for atomic allocations
[    0.257037] audit: initializing netlink subsys (disabled)
[    0.257053] audit: type=2000 audit(1774979933.092:1): state=initialized audit_enabled=0 res=1
[    0.257053] thermal_sys: Registered thermal governor 'fair_share'
[    0.257053] thermal_sys: Registered thermal governor 'bang_bang'
[    0.257053] thermal_sys: Registered thermal governor 'step_wise'
[    0.257053] thermal_sys: Registered thermal governor 'user_space'
[    0.257053] thermal_sys: Registered thermal governor 'power_allocator'
[    0.257053] cpuidle: using governor ladder
[    0.257053] cpuidle: using governor menu
[    0.257053] ACPI: bus type PCI registered
[    0.257053] acpiphp: ACPI Hot Plug PCI Controller Driver version: 0.5
[    0.257053] PCI: MMCONFIG for domain 0000 [bus 00-ff] at [mem 0xe0000000-0xefffffff] (base 0xe0000000)
[    0.257053] PCI: MMCONFIG at [mem 0xe0000000-0xefffffff] reserved in E820
[    0.257053] PCI: Using configuration type 1 for base access
[    0.260628] kprobes: kprobe jump-optimization is enabled. All kprobes are optimized if possible.
[    0.260635] HugeTLB registered 1.00 GiB page size, pre-allocated 0 pages
[    0.260635] HugeTLB registered 2.00 MiB page size, pre-allocated 0 pages
[    0.260635] ACPI: Added _OSI(Module Device)
[    0.260635] ACPI: Added _OSI(Processor Device)
[    0.260635] ACPI: Added _OSI(Processor Aggregator Device)
[    0.260635] ACPI: Added _OSI(Linux-Dell-Video)
[    0.260635] ACPI: Added _OSI(Linux-Lenovo-NV-HDMI-Audio)
[    0.260635] ACPI: Added _OSI(Linux-HPI-Hybrid-Graphics)
[    0.280743] ACPI: 9 ACPI AML tables successfully acquired and loaded
[    0.309180] ACPI: Dynamic OEM Table Load:
[    0.309191] ACPI: SSDT 0xFFFF954B80E78E00 000190 (v02 PmRef  Cpu0Cst  00003001 INTL 20160930)
[    0.312375] ACPI: Dynamic OEM Table Load:
[    0.312375] ACPI: SSDT 0xFFFF954B80E78400 0001E6 (v02 PmRef  ApIst    00003000 INTL 20160930)
[    0.312473] ACPI: Dynamic OEM Table Load:
[    0.312480] ACPI: SSDT 0xFFFF954B80CFD400 0000C9 (v02 PmRef  ApCst    00003000 INTL 20160930)
[    0.314964] ACPI: EC: EC started
[    0.314966] ACPI: EC: interrupt blocked
[    0.315028] ACPI: EC: EC_CMD/EC_SC=0x66, EC_DATA=0x62
[    0.315032] ACPI: \_SB_.PCI0.SBRG.H_EC: Boot DSDT EC used to handle transactions
[    0.315035] ACPI: Interpreter enabled
[    0.315079] ACPI: PM: (supports S0 S3 S4 S5)
[    0.315081] ACPI: Using IOAPIC for interrupt routing
[    0.315137] PCI: Using host bridge windows from ACPI; if necessary, use "pci=nocrs" and report a bug
[    0.315140] PCI: Using E820 reservations for host bridge windows
[    0.316373] ACPI: Enabled 1 GPEs in block 00 to 7F
[    0.323077] ACPI: PM: Power Resource [DRST]
[    0.323479] ACPI: PM: Power Resource [DRST]
[    0.323867] ACPI: PM: Power Resource [DRST]
[    0.324257] ACPI: PM: Power Resource [DRST]
[    0.324655] ACPI: PM: Power Resource [DRST]
[    0.325092] ACPI: PM: Power Resource [DRST]
[    0.325590] ACPI: PM: Power Resource [WRST]
[    0.330910] ACPI: PM: Power Resource [FN00]
[    0.332297] ACPI: PCI Root Bridge [PCI0] (domain 0000 [bus 00-ff])
[    0.332310] acpi PNP0A08:00: _OSC: OS supports [ExtendedConfig ASPM ClockPM Segments MSI EDR HPX-Type3]
[    0.333921] acpi PNP0A08:00: _OSC: OS now controls [PCIeHotplug SHPCHotplug PME AER PCIeCapability LTR DPC]
[    0.335293] PCI host bridge to bus 0000:00
[    0.335296] pci_bus 0000:00: root bus resource [io  0x0070-0x0077]
[    0.335300] pci_bus 0000:00: root bus resource [io  0x0000-0x006f window]
[    0.335303] pci_bus 0000:00: root bus resource [io  0x0078-0x0cf7 window]
[    0.335305] pci_bus 0000:00: root bus resource [io  0x0d00-0xffff window]
[    0.335309] pci_bus 0000:00: root bus resource [mem 0x000a0000-0x000fffff window]
[    0.335312] pci_bus 0000:00: root bus resource [mem 0x7c000001-0xcfffffff window]
[    0.335314] pci_bus 0000:00: root bus resource [mem 0xe0000000-0xefffffff window]
[    0.335317] pci_bus 0000:00: root bus resource [mem 0xfea00000-0xfeafffff window]
[    0.335319] pci_bus 0000:00: root bus resource [mem 0xfed00000-0xfed003ff window]
[    0.335322] pci_bus 0000:00: root bus resource [mem 0xfed01000-0xfed01fff window]
[    0.335324] pci_bus 0000:00: root bus resource [mem 0xfed03000-0xfed03fff window]
[    0.335326] pci_bus 0000:00: root bus resource [mem 0xfed06000-0xfed06fff window]
[    0.335328] pci_bus 0000:00: root bus resource [mem 0xfed08000-0xfed09fff window]
[    0.335331] pci_bus 0000:00: root bus resource [mem 0xfed80000-0xfedbffff window]
[    0.335333] pci_bus 0000:00: root bus resource [mem 0xfed1c000-0xfed1cfff window]
[    0.335335] pci_bus 0000:00: root bus resource [mem 0xfee00000-0xfeefffff window]
[    0.335338] pci_bus 0000:00: root bus resource [bus 00-ff]
[    0.336040] pci 0000:00:00.0: [8086:31f0] type 00 class 0x060000
[    0.336930] pci 0000:00:02.0: [8086:3184] type 00 class 0x030000
[    0.336951] pci 0000:00:02.0: reg 0x10: [mem 0xa0000000-0xa0ffffff 64bit]
[    0.336956] pci 0000:00:02.0: reg 0x18: [mem 0x90000000-0x9fffffff 64bit pref]
[    0.336960] pci 0000:00:02.0: reg 0x20: [io  0xf000-0xf03f]
[    0.336995] pci 0000:00:02.0: BAR 2: assigned to efifb
[    0.337001] pci 0000:00:02.0: Video device with shadowed ROM at [mem 0x000c0000-0x000dffff]
[    0.338101] pci 0000:00:0c.0: [8086:31dc] type 00 class 0x028000
[    0.338151] pci 0000:00:0c.0: reg 0x10: [mem 0xa1314000-0xa1317fff 64bit]
[    0.338258] pci 0000:00:0c.0: PME# supported from D0 D3hot D3cold
[    0.339124] pci 0000:00:0e.0: [8086:3198] type 00 class 0x040300
[    0.339168] pci 0000:00:0e.0: reg 0x10: [mem 0xa1310000-0xa1313fff 64bit]
[    0.339177] pci 0000:00:0e.0: reg 0x20: [mem 0xa1000000-0xa10fffff 64bit]
[    0.339240] pci 0000:00:0e.0: PME# supported from D0 D3hot D3cold
[    0.342374] pci 0000:00:0f.0: [8086:319a] type 00 class 0x078000
[    0.342432] pci 0000:00:0f.0: reg 0x10: [mem 0xa131f000-0xa131ffff 64bit]
[    0.342500] pci 0000:00:0f.0: PME# supported from D3hot
[    0.343337] pci 0000:00:12.0: [8086:31e3] type 00 class 0x010601
[    0.343370] pci 0000:00:12.0: reg 0x10: [mem 0xa1318000-0xa1319fff]
[    0.343375] pci 0000:00:12.0: reg 0x14: [mem 0xa131e000-0xa131e0ff]
[    0.343379] pci 0000:00:12.0: reg 0x18: [io  0xf090-0xf097]
[    0.343384] pci 0000:00:12.0: reg 0x1c: [io  0xf080-0xf083]
[    0.343388] pci 0000:00:12.0: reg 0x20: [io  0xf060-0xf07f]
[    0.343392] pci 0000:00:12.0: reg 0x24: [mem 0xa131d000-0xa131d7ff]
[    0.343431] pci 0000:00:12.0: PME# supported from D3hot
[    0.344222] pci 0000:00:13.0: [8086:31d8] type 01 class 0x060400
[    0.344296] pci 0000:00:13.0: PME# supported from D0 D3hot D3cold
[    0.345134] pci 0000:00:13.2: [8086:31da] type 01 class 0x060400
[    0.345210] pci 0000:00:13.2: PME# supported from D0 D3hot D3cold
[    0.346058] pci 0000:00:15.0: [8086:31a8] type 00 class 0x0c0330
[    0.346098] pci 0000:00:15.0: reg 0x10: [mem 0xa1300000-0xa130ffff 64bit]
[    0.346144] pci 0000:00:15.0: PME# supported from D3hot D3cold
[    0.346991] pci 0000:00:1c.0: [8086:31cc] type 00 class 0x080501
[    0.347052] pci 0000:00:1c.0: reg 0x10: [mem 0xa131c000-0xa131cfff 64bit]
[    0.347060] pci 0000:00:1c.0: reg 0x18: [mem 0xa131b000-0xa131bfff 64bit]
[    0.348081] pci 0000:00:1f.0: [8086:31e8] type 00 class 0x060100
[    0.348661] pci 0000:00:1f.1: [8086:31d4] type 00 class 0x0c0500
[    0.348804] pci 0000:00:1f.1: reg 0x10: [mem 0xa131a000-0xa131a0ff 64bit]
[    0.348820] pci 0000:00:1f.1: reg 0x20: [io  0xf040-0xf05f]
[    0.349369] pci 0000:01:00.0: [10ec:522a] type 00 class 0xff0000
[    0.349419] pci 0000:01:00.0: reg 0x10: [mem 0xa1200000-0xa1200fff]
[    0.349436] pci 0000:01:00.0: Upstream bridge's Max Payload Size set to 128 (was 256, max 256)
[    0.349442] pci 0000:01:00.0: Max Payload Size set to 128 (was 128, max 128)
[    0.349520] pci 0000:01:00.0: supports D1 D2
[    0.349522] pci 0000:01:00.0: PME# supported from D1 D2 D3hot D3cold
[    0.349697] pci 0000:00:13.0: PCI bridge to [bus 01]
[    0.349703] pci 0000:00:13.0:   bridge window [mem 0xa1200000-0xa12fffff]
[    0.349807] pci 0000:02:00.0: [10ec:8168] type 00 class 0x020000
[    0.349859] pci 0000:02:00.0: reg 0x10: [io  0xe000-0xe0ff]
[    0.349867] pci 0000:02:00.0: reg 0x18: [mem 0xa1104000-0xa1104fff 64bit]
[    0.349872] pci 0000:02:00.0: reg 0x20: [mem 0xa1100000-0xa1103fff 64bit]
[    0.349883] pci 0000:02:00.0: Upstream bridge's Max Payload Size set to 128 (was 256, max 256)
[    0.349889] pci 0000:02:00.0: Max Payload Size set to 128 (was 128, max 128)
[    0.349978] pci 0000:02:00.0: supports D1 D2
[    0.349980] pci 0000:02:00.0: PME# supported from D0 D1 D2 D3hot D3cold
[    0.350158] pci 0000:00:13.2: PCI bridge to [bus 02]
[    0.350168] pci 0000:00:13.2:   bridge window [io  0xe000-0xefff]
[    0.350172] pci 0000:00:13.2:   bridge window [mem 0xa1100000-0xa11fffff]
[    0.352905] ACPI: PCI: Interrupt link LNKA configured for IRQ 3
[    0.353035] ACPI: PCI: Interrupt link LNKB configured for IRQ 4
[    0.353163] ACPI: PCI: Interrupt link LNKC configured for IRQ 5
[    0.353290] ACPI: PCI: Interrupt link LNKD configured for IRQ 6
[    0.353416] ACPI: PCI: Interrupt link LNKE configured for IRQ 7
[    0.353545] ACPI: PCI: Interrupt link LNKF configured for IRQ 9
[    0.353672] ACPI: PCI: Interrupt link LNKG configured for IRQ 10
[    0.353799] ACPI: PCI: Interrupt link LNKH configured for IRQ 11
[    0.357793] ACPI: EC: interrupt unblocked
[    0.357796] ACPI: EC: event unblocked
[    0.357814] ACPI: EC: EC_CMD/EC_SC=0x66, EC_DATA=0x62
[    0.357816] ACPI: EC: GPE=0x22
[    0.357818] ACPI: \_SB_.PCI0.SBRG.H_EC: Boot DSDT EC initialization complete
[    0.357822] ACPI: \_SB_.PCI0.SBRG.H_EC: EC: Used to handle transactions and events
[    0.357956] iommu: Default domain type: Translated 
[    0.357956] iommu: DMA domain TLB invalidation policy: lazy mode 
[    0.357956] SCSI subsystem initialized
[    0.357956] libata version 3.00 loaded.
[    0.357956] pci 0000:00:02.0: vgaarb: setting as boot VGA device
[    0.357956] pci 0000:00:02.0: vgaarb: VGA device added: decodes=io+mem,owns=io+mem,locks=none
[    0.357956] pci 0000:00:02.0: vgaarb: bridge control possible
[    0.357956] vgaarb: loaded
[    0.357956] ACPI: bus type USB registered
[    0.357956] usbcore: registered new interface driver usbfs
[    0.357956] usbcore: registered new interface driver hub
[    0.357956] usbcore: registered new device driver usb
[    0.357956] pps_core: LinuxPPS API ver. 1 registered
[    0.357956] pps_core: Software ver. 5.3.6 - Copyright 2005-2007 Rodolfo Giometti <giometti@linux.it>
[    0.357956] PTP clock support registered
[    0.357956] EDAC MC: Ver: 3.0.0
[    0.357956] Registered efivars operations
[    0.360379] NetLabel: Initializing
[    0.360381] NetLabel:  domain hash size = 128
[    0.360382] NetLabel:  protocols = UNLABELED CIPSOv4 CALIPSO
[    0.360407] NetLabel:  unlabeled traffic allowed by default
[    0.360427] PCI: Using ACPI for IRQ routing
[    0.389726] PCI: pci_cache_line_size set to 64 bytes
[    0.389802] Expanded resource Reserved due to conflict with PCI Bus 0000:00
[    0.389806] e820: reserve RAM buffer [mem 0x0003f000-0x0003ffff]
[    0.389809] e820: reserve RAM buffer [mem 0x00059000-0x0005ffff]
[    0.389811] e820: reserve RAM buffer [mem 0x0009e000-0x0009ffff]
[    0.389813] e820: reserve RAM buffer [mem 0x5b94b018-0x5bffffff]
[    0.389815] e820: reserve RAM buffer [mem 0x5b95a018-0x5bffffff]
[    0.389817] e820: reserve RAM buffer [mem 0x63d61000-0x63ffffff]
[    0.389819] e820: reserve RAM buffer [mem 0x673d7000-0x67ffffff]
[    0.389820] e820: reserve RAM buffer [mem 0x6a565000-0x6bffffff]
[    0.389822] e820: reserve RAM buffer [mem 0x6ac00000-0x6bffffff]
[    0.396400] hpet0: at MMIO 0xfed00000, IRQs 2, 8, 0, 0, 0, 0, 0, 0
[    0.396415] hpet0: 8 comparators, 64-bit 19.200000 MHz counter
[    0.398532] clocksource: Switched to clocksource tsc-early
[    0.413525] VFS: Disk quotas dquot_6.6.0
[    0.413549] VFS: Dquot-cache hash table entries: 512 (order 0, 4096 bytes)
[    0.413751] AppArmor: AppArmor Filesystem Enabled
[    0.413816] pnp: PnP ACPI init
[    0.414465] system 00:00: [io  0x0a00-0x0a1f] has been reserved
[    0.414472] system 00:00: [io  0x0a20-0x0a2f] has been reserved
[    0.414475] system 00:00: [io  0x0a30-0x0a3f] has been reserved
[    0.414477] system 00:00: [io  0x0a40-0x0a4f] has been reserved
[    0.414480] system 00:00: [io  0x0a50-0x0a5f] has been reserved
[    0.414482] system 00:00: [io  0x0a60-0x0a6f] has been reserved
[    0.414777] system 00:01: [io  0x0680-0x069f] has been reserved
[    0.414781] system 00:01: [io  0x0400-0x047f] could not be reserved
[    0.414784] system 00:01: [io  0x0500-0x05fe] has been reserved
[    0.414787] system 00:01: [io  0x0600-0x061f] has been reserved
[    0.414790] system 00:01: [io  0x164e-0x164f] has been reserved
[    0.415504] system 00:02: [mem 0xe0000000-0xefffffff] has been reserved
[    0.415509] system 00:02: [mem 0xfea00000-0xfeafffff] has been reserved
[    0.415512] system 00:02: [mem 0xfed01000-0xfed01fff] has been reserved
[    0.415514] system 00:02: [mem 0xfed03000-0xfed03fff] has been reserved
[    0.415517] system 00:02: [mem 0xfed06000-0xfed06fff] has been reserved
[    0.415522] system 00:02: [mem 0xfed08000-0xfed09fff] has been reserved
[    0.415525] system 00:02: [mem 0xfed80000-0xfedbffff] has been reserved
[    0.415527] system 00:02: [mem 0xfed1c000-0xfed1cfff] has been reserved
[    0.415530] system 00:02: [mem 0xfee00000-0xfeefffff] could not be reserved
[    0.416160] pnp: PnP ACPI: found 4 devices
[    0.423375] clocksource: acpi_pm: mask: 0xffffff max_cycles: 0xffffff, max_idle_ns: 2085701024 ns
[    0.423468] NET: Registered PF_INET protocol family
[    0.423649] IP idents hash table entries: 131072 (order: 8, 1048576 bytes, linear)
[    0.425721] tcp_listen_portaddr_hash hash table entries: 4096 (order: 4, 65536 bytes, linear)
[    0.425775] Table-perturb hash table entries: 65536 (order: 6, 262144 bytes, linear)
[    0.425876] TCP established hash table entries: 65536 (order: 7, 524288 bytes, linear)
[    0.426169] TCP bind hash table entries: 65536 (order: 8, 1048576 bytes, linear)
[    0.426384] TCP: Hash tables configured (established 65536 bind 65536)
[    0.426499] MPTCP token hash table entries: 8192 (order: 6, 196608 bytes, linear)
[    0.426557] UDP hash table entries: 4096 (order: 5, 131072 bytes, linear)
[    0.426604] UDP-Lite hash table entries: 4096 (order: 5, 131072 bytes, linear)
[    0.426681] NET: Registered PF_UNIX/PF_LOCAL protocol family
[    0.426690] NET: Registered PF_XDP protocol family
[    0.426714] pci 0000:00:13.0: PCI bridge to [bus 01]
[    0.426724] pci 0000:00:13.0:   bridge window [mem 0xa1200000-0xa12fffff]
[    0.426732] pci 0000:00:13.2: PCI bridge to [bus 02]
[    0.426737] pci 0000:00:13.2:   bridge window [io  0xe000-0xefff]
[    0.426741] pci 0000:00:13.2:   bridge window [mem 0xa1100000-0xa11fffff]
[    0.426749] pci_bus 0000:00: resource 4 [io  0x0070-0x0077]
[    0.426752] pci_bus 0000:00: resource 5 [io  0x0000-0x006f window]
[    0.426755] pci_bus 0000:00: resource 6 [io  0x0078-0x0cf7 window]
[    0.426758] pci_bus 0000:00: resource 7 [io  0x0d00-0xffff window]
[    0.426760] pci_bus 0000:00: resource 8 [mem 0x000a0000-0x000fffff window]
[    0.426763] pci_bus 0000:00: resource 9 [mem 0x7c000001-0xcfffffff window]
[    0.426765] pci_bus 0000:00: resource 10 [mem 0xe0000000-0xefffffff window]
[    0.426768] pci_bus 0000:00: resource 11 [mem 0xfea00000-0xfeafffff window]
[    0.426770] pci_bus 0000:00: resource 12 [mem 0xfed00000-0xfed003ff window]
[    0.426773] pci_bus 0000:00: resource 13 [mem 0xfed01000-0xfed01fff window]
[    0.426775] pci_bus 0000:00: resource 14 [mem 0xfed03000-0xfed03fff window]
[    0.426778] pci_bus 0000:00: resource 15 [mem 0xfed06000-0xfed06fff window]
[    0.426780] pci_bus 0000:00: resource 16 [mem 0xfed08000-0xfed09fff window]
[    0.426782] pci_bus 0000:00: resource 17 [mem 0xfed80000-0xfedbffff window]
[    0.426785] pci_bus 0000:00: resource 18 [mem 0xfed1c000-0xfed1cfff window]
[    0.426787] pci_bus 0000:00: resource 19 [mem 0xfee00000-0xfeefffff window]
[    0.426791] pci_bus 0000:01: resource 1 [mem 0xa1200000-0xa12fffff]
[    0.426794] pci_bus 0000:02: resource 0 [io  0xe000-0xefff]
[    0.426796] pci_bus 0000:02: resource 1 [mem 0xa1100000-0xa11fffff]
[    0.427395] PCI: CLS 64 bytes, default 64
[    0.427449] PCI-DMA: Using software bounce buffering for IO (SWIOTLB)
[    0.427451] software IO TLB: mapped [mem 0x0000000056c00000-0x000000005ac00000] (64MB)
[    0.427508] Trying to unpack rootfs image as initramfs...
[    0.427563] clocksource: tsc: mask: 0xffffffffffffffff max_cycles: 0x3990bec8342, max_idle_ns: 881590769617 ns
[    0.427591] clocksource: Switched to clocksource tsc
[    0.427618] sgx: EPC section 0x70200000-0x75ffffff
[    0.427629] pmd_set_huge: Cannot satisfy [mem 0x70200000-0x70400000] with a huge-page mapping due to MTRR override.
[    0.429180] Initialise system trusted keyrings
[    0.429196] Key type blacklist registered
[    0.429271] workingset: timestamp_bits=36 max_order=21 bucket_order=0
[    0.431476] zbud: loaded
[    0.431963] squashfs: version 4.0 (2009/01/31) Phillip Lougher
[    0.432253] fuse: init (API version 7.34)
[    0.432517] integrity: Platform Keyring initialized
[    0.444347] Key type asymmetric registered
[    0.444353] Asymmetric key parser 'x509' registered
[    0.444403] Block layer SCSI generic (bsg) driver version 0.4 loaded (major 243)
[    0.444456] io scheduler mq-deadline registered
[    0.445035] pcieport 0000:00:13.0: PME: Signaling with IRQ 122
[    0.445293] pcieport 0000:00:13.2: PME: Signaling with IRQ 123
[    0.445403] shpchp: Standard Hot Plug PCI Controller Driver version: 0.4
[    0.446320] input: Power Button as /devices/LNXSYSTM:00/LNXSYBUS:00/PNP0C0C:00/input/input0
[    0.446381] ACPI: button: Power Button [PWRB]
[    0.446432] input: Sleep Button as /devices/LNXSYSTM:00/LNXSYBUS:00/PNP0C0E:00/input/input1
[    0.446461] ACPI: button: Sleep Button [SLPB]
[    0.449876] thermal LNXTHERM:00: registered as thermal_zone0
[    0.449881] ACPI: thermal: Thermal Zone [TZ01] (52 C)
[    0.450160] Serial: 8250/16550 driver, 32 ports, IRQ sharing enabled
[    0.453323] Linux agpgart interface v0.103
[    0.465219] loop: module loaded
[    0.465716] tun: Universal TUN/TAP device driver, 1.6
[    0.465788] PPP generic driver version 2.4.2
[    0.465929] VFIO - User Level meta-driver version: 0.3
[    0.466083] ehci_hcd: USB 2.0 'Enhanced' Host Controller (EHCI) Driver
[    0.466091] ehci-pci: EHCI PCI platform driver
[    0.466104] ehci-platform: EHCI generic platform driver
[    0.466115] ohci_hcd: USB 1.1 'Open' Host Controller (OHCI) Driver
[    0.466119] ohci-pci: OHCI PCI platform driver
[    0.466130] ohci-platform: OHCI generic platform driver
[    0.466142] uhci_hcd: USB Universal Host Controller Interface driver
[    0.466233] i8042: PNP: No PS/2 controller found.
[    0.466234] i8042: Probing ports directly.
[    0.565047] serio: i8042 KBD port at 0x60,0x64 irq 1
[    0.565067] serio: i8042 AUX port at 0x60,0x64 irq 12
[    0.565349] mousedev: PS/2 mouse device common for all mice
[    0.568743] rtc_cmos 00:03: RTC can wake from S4
[    0.569589] rtc_cmos 00:03: registered as rtc0
[    0.569733] rtc_cmos 00:03: setting system clock to 2026-03-31T17:58:53 UTC (1774979933)
[    0.569775] rtc_cmos 00:03: alarms up to one month, y3k, 242 bytes nvram
[    0.569790] i2c_dev: i2c /dev entries driver
[    0.570332] device-mapper: core: CONFIG_IMA_DISABLE_HTABLE is disabled. Duplicate IMA measurements will not be recorded in the IMA log.
[    0.570385] device-mapper: uevent: version 1.0.3
[    0.570525] device-mapper: ioctl: 4.45.0-ioctl (2021-03-22) initialised: dm-devel@redhat.com
[    0.570559] intel_pstate: Intel P-state driver initializing
[    0.571513] ledtrig-cpu: registered to indicate activity on CPUs
[    0.571576] efifb: probing for efifb
[    0.571611] efifb: showing boot graphics
[    0.574199] efifb: framebuffer at 0x90000000, using 7500k, total 7500k
[    0.574202] efifb: mode is 1600x1200x32, linelength=6400, pages=1
[    0.574204] efifb: scrolling: redraw
[    0.574205] efifb: Truecolor: size=8:8:8:8, shift=24:16:8:0
[    0.574303] fbcon: Deferring console take-over
[    0.574305] fb0: EFI VGA frame buffer device
[    0.574321] EFI Variables Facility v0.08 2004-May-17
[    0.591710] drop_monitor: Initializing network drop monitor service
[    0.591905] NET: Registered PF_INET6 protocol family
[    0.611808] input: AT Raw Set 2 keyboard as /devices/platform/i8042/serio0/input/input2
[    1.039658] Freeing initrd memory: 78040K
[    1.048407] Segment Routing with IPv6
[    1.048428] In-situ OAM (IOAM) with IPv6
[    1.048463] NET: Registered PF_PACKET protocol family
[    1.048522] Key type dns_resolver registered
[    1.049059] microcode: sig=0x706a8, pf=0x1, revision=0x26
[    1.049119] microcode: Microcode Update Driver: v2.2.
[    1.049254] resctrl: L2 allocation detected
[    1.049262] IPI shorthand broadcast: enabled
[    1.049283] sched_clock: Marking stable (1048680758, 550203)->(1054144882, -4913921)
[    1.049486] registered taskstats version 1
[    1.049701] Loading compiled-in X.509 certificates
[    1.050643] Loaded X.509 cert 'Build time autogenerated kernel key: 405e7f0477227417f009abe98221ccdeeab94868'
[    1.051425] Loaded X.509 cert 'Canonical Ltd. Live Patch Signing 2025 Kmod: d541cef61dc7e793b7eb7e899970a2eef0b5dc8c'
[    1.052226] Loaded X.509 cert 'Canonical Ltd. Live Patch Signing: 14df34d1a87cf37625abec039ef2bf521249b969'
[    1.053038] Loaded X.509 cert 'Canonical Ltd. Kernel Module Signing: 88f752e560a1e0737e31163a466ad7b70a850c19'
[    1.053041] blacklist: Loading compiled-in revocation X.509 certificates
[    1.053062] Loaded X.509 cert 'Canonical Ltd. Secure Boot Signing: 61482aa2830d0ab2ad5af10b7250da9033ddcef0'
[    1.053081] Loaded X.509 cert 'Canonical Ltd. Secure Boot Signing (2017): 242ade75ac4a15e50d50c84b0d45ff3eae707a03'
[    1.053101] Loaded X.509 cert 'Canonical Ltd. Secure Boot Signing (ESM 2018): 365188c1d374d6b07c3c8f240f8ef722433d6a8b'
[    1.053118] Loaded X.509 cert 'Canonical Ltd. Secure Boot Signing (2019): c0746fd6c5da3ae827864651ad66ae47fe24b3e8'
[    1.053136] Loaded X.509 cert 'Canonical Ltd. Secure Boot Signing (2021 v1): a8d54bbb3825cfb94fa13c9f8a594a195c107b8d'
[    1.053160] Loaded X.509 cert 'Canonical Ltd. Secure Boot Signing (2021 v2): 4cf046892d6fd3c9a5b03f98d845f90851dc6a8c'
[    1.053177] Loaded X.509 cert 'Canonical Ltd. Secure Boot Signing (2021 v3): 100437bb6de6e469b581e61cd66bce3ef4ed53af'
[    1.053194] Loaded X.509 cert 'Canonical Ltd. Secure Boot Signing (Ubuntu Core 2019): c1d57b8f6b743f23ee41f4f7ee292f06eecadfb9'
[    1.053367] zswap: loaded using pool lzo/zbud
[    1.053732] Key type .fscrypt registered
[    1.053735] Key type fscrypt-provisioning registered
[    1.053777] Key type trusted registered
[    1.058201] Key type encrypted registered
[    1.058208] AppArmor: AppArmor sha1 policy hashing enabled
[    1.058803] integrity: Loading X.509 certificate: UEFI:db
[    1.058845] integrity: Loaded X.509 cert 'Microsoft Corporation UEFI CA 2011: 13adbf4309bd82709c8cd54f316ed522988a1bd4'
[    1.058847] integrity: Loading X.509 certificate: UEFI:db
[    1.058874] integrity: Loaded X.509 cert 'Microsoft Windows Production PCA 2011: a92902398e16c49778cd90f99e4f9ae17c55af53'
[    1.058876] integrity: Loading X.509 certificate: UEFI:db
[    1.059267] integrity: Loaded X.509 cert 'CISD FW Update - Certificate: 068268b4a41c93854262d49b4f788f13'
[    1.059828] integrity: Loading X.509 certificate: UEFI:MokListRT (MOKvar table)
[    1.060083] integrity: Loaded X.509 cert 'Canonical Ltd. Master Certificate Authority: ad91990bc22ab1f517048c23b6655a268e345a63'
[    1.060085] integrity: Loading X.509 certificate: UEFI:MokListRT (MOKvar table)
[    1.060327] integrity: Loaded X.509 cert 'VMware: f23294be3e0126d6f19fbc76eab1edf801703090'
[    1.060329] integrity: Loading X.509 certificate: UEFI:MokListRT (MOKvar table)
[    1.060584] integrity: Loaded X.509 cert 'My Kernel Module Signing Key: 2312949798492f0be7d4b2c5663faf562398b3a0'
[    1.060593] Loading compiled-in module X.509 certificates
[    1.061397] Loaded X.509 cert 'Build time autogenerated kernel key: 405e7f0477227417f009abe98221ccdeeab94868'
[    1.061400] ima: Allocated hash algorithm: sha1
[    1.092913] ima: No architecture policies found
[    1.092944] evm: Initialising EVM extended attributes:
[    1.092945] evm: security.selinux
[    1.092947] evm: security.SMACK64
[    1.092948] evm: security.SMACK64EXEC
[    1.092948] evm: security.SMACK64TRANSMUTE
[    1.092949] evm: security.SMACK64MMAP
[    1.092950] evm: security.apparmor
[    1.092951] evm: security.ima
[    1.092951] evm: security.capability
[    1.092952] evm: HMAC attrs: 0x1
[    1.093330] PM:   Magic number: 2:558:998
[    1.093392] system 00:00: hash matches
[    1.093856] RAS: Correctable Errors collector initialized.
[    1.093866] Lockdown: swapper/0: hibernation is restricted; see man kernel_lockdown.7
[    1.093881] clk: Disabling unused clocks
[    1.095072] Freeing unused decrypted memory: 2036K
[    1.095773] Freeing unused kernel image (initmem) memory: 3296K
[    1.095776] Write protecting the kernel read-only data: 30720k
[    1.096530] Freeing unused kernel image (text/rodata gap) memory: 2036K
[    1.096999] Freeing unused kernel image (rodata/data gap) memory: 1288K
[    1.115929] x86/mm: Checked W+X mappings: passed, no W+X pages found.
[    1.115938] Run /init as init process
[    1.115939]   with arguments:
[    1.115941]     /init
[    1.115942]     splash
[    1.115943]   with environment:
[    1.115944]     HOME=/
[    1.115945]     TERM=linux
[    1.270978] hid: raw HID events driver (C) Jiri Kosina
[    1.286938] rtsx_pci 0000:01:00.0: enabling device (0000 -> 0002)
[    1.287895] ahci 0000:00:12.0: version 3.0
[    1.292253] xhci_hcd 0000:00:15.0: xHCI Host Controller
[    1.292264] xhci_hcd 0000:00:15.0: new USB bus registered, assigned bus number 1
[    1.293347] xhci_hcd 0000:00:15.0: hcc params 0x200077c1 hci version 0x100 quirks 0x0000000000009810
[    1.293613] xhci_hcd 0000:00:15.0: xHCI Host Controller
[    1.293617] xhci_hcd 0000:00:15.0: new USB bus registered, assigned bus number 2
[    1.293621] xhci_hcd 0000:00:15.0: Host supports USB 3.0 SuperSpeed
[    1.293673] usb usb1: New USB device found, idVendor=1d6b, idProduct=0002, bcdDevice= 5.15
[    1.293676] usb usb1: New USB device strings: Mfr=3, Product=2, SerialNumber=1
[    1.293678] usb usb1: Product: xHCI Host Controller
[    1.293679] usb usb1: Manufacturer: Linux 5.15.0-173-generic xhci-hcd
[    1.293681] usb usb1: SerialNumber: 0000:00:15.0
[    1.293895] hub 1-0:1.0: USB hub found
[    1.293912] hub 1-0:1.0: 9 ports detected
[    1.294073] sdhci: Secure Digital Host Controller Interface driver
[    1.294075] sdhci: Copyright(c) Pierre Ossman
[    1.295514] usb usb2: New USB device found, idVendor=1d6b, idProduct=0003, bcdDevice= 5.15
[    1.295517] usb usb2: New USB device strings: Mfr=3, Product=2, SerialNumber=1
[    1.295519] usb usb2: Product: xHCI Host Controller
[    1.295522] usb usb2: Manufacturer: Linux 5.15.0-173-generic xhci-hcd
[    1.295524] usb usb2: SerialNumber: 0000:00:15.0
[    1.295624] hub 2-0:1.0: USB hub found
[    1.295641] hub 2-0:1.0: 7 ports detected
[    1.296450] i801_smbus 0000:00:1f.1: SPD Write Disable is set
[    1.296503] i801_smbus 0000:00:1f.1: SMBus using PCI interrupt
[    1.296612] i2c i2c-0: 2/2 memory slots populated (from DMI)
[    1.296961] i2c i2c-0: Successfully instantiated SPD at 0x50
[    1.297909] sdhci-pci 0000:00:1c.0: SDHCI controller found [8086:31cc] (rev 6)
[    1.298150] ahci 0000:00:12.0: AHCI 0001.0301 32 slots 2 ports 6 Gbps 0x3 impl SATA mode
[    1.298155] ahci 0000:00:12.0: flags: 64bit ncq sntf pm clo only pmp pio slum part deso sadm sds apst 
[    1.298640] scsi host0: ahci
[    1.298725] mmc0: CQHCI version 5.10
[    1.299285] scsi host1: ahci
[    1.299344] ata1: SATA max UDMA/133 abar m2048@0xa131d000 port 0xa131d100 irq 125
[    1.299348] ata2: SATA max UDMA/133 abar m2048@0xa131d000 port 0xa131d180 irq 125
[    1.299526] mmc0: SDHCI controller on PCI [0000:00:1c.0] using ADMA 64-bit
[    1.311705] r8169 0000:02:00.0 eth0: RTL8168h/8111h, 88:ae:dd:0b:02:bf, XID 541, IRQ 127
[    1.311713] r8169 0000:02:00.0 eth0: jumbo features [frames: 9194 bytes, tx checksumming: ko]
[    1.617607] ata2: SATA link down (SStatus 4 SControl 300)
[    1.632746] usb 1-1: new full-speed USB device number 2 using xhci_hcd
[    1.772717] ata1: SATA link up 6.0 Gbps (SStatus 133 SControl 300)
[    1.774405] ata1.00: ATA-9: INTENSO, V0609A0, max UDMA/133
[    1.775001] ata1.00: 500118192 sectors, multi 1: LBA48 NCQ (depth 32), AA
[    1.777994] ata1.00: configured for UDMA/133
[    1.778430] scsi 0:0:0:0: Direct-Access     ATA      INTENSO          9A0  PQ: 0 ANSI: 5
[    1.779073] sd 0:0:0:0: Attached scsi generic sg0 type 0
[    1.779150] sd 0:0:0:0: [sda] 500118192 512-byte logical blocks: (256 GB/238 GiB)
[    1.779167] sd 0:0:0:0: [sda] Write Protect is off
[    1.779170] sd 0:0:0:0: [sda] Mode Sense: 00 3a 00 00
[    1.779185] sd 0:0:0:0: [sda] Write cache: enabled, read cache: enabled, doesn't support DPO or FUA
[    1.780662]  sda: sda1 sda2
[    1.781076] sd 0:0:0:0: [sda] Attached SCSI disk
[    1.783933] usb 1-1: New USB device found, idVendor=046d, idProduct=c52b, bcdDevice=24.11
[    1.783939] usb 1-1: New USB device strings: Mfr=1, Product=2, SerialNumber=0
[    1.783941] usb 1-1: Product: USB Receiver
[    1.783943] usb 1-1: Manufacturer: Logitech
[    1.784363] r8169 0000:02:00.0 eno1: renamed from eth0
[    1.912696] usb 1-2: new full-speed USB device number 3 using xhci_hcd
[    2.064022] usb 1-2: New USB device found, idVendor=046d, idProduct=c534, bcdDevice=29.01
[    2.064031] usb 1-2: New USB device strings: Mfr=1, Product=2, SerialNumber=0
[    2.064033] usb 1-2: Product: USB Receiver
[    2.064035] usb 1-2: Manufacturer: Logitech
[    2.192587] usb 1-9: new full-speed USB device number 4 using xhci_hcd
[    2.342167] usb 1-9: New USB device found, idVendor=8087, idProduct=0aaa, bcdDevice= 0.02
[    2.342187] usb 1-9: New USB device strings: Mfr=0, Product=0, SerialNumber=0
[    2.362916] usbcore: registered new interface driver usbhid
[    2.362923] usbhid: USB HID core driver
[    2.367546] input: Logitech USB Receiver as /devices/pci0000:00/0000:00:15.0/usb1/1-1/1-1:1.0/0003:046D:C52B.0001/input/input5
[    2.425018] hid-generic 0003:046D:C52B.0001: input,hidraw0: USB HID v1.11 Keyboard [Logitech USB Receiver] on usb-0000:00:15.0-1/input0
[    2.425384] input: Logitech USB Receiver Mouse as /devices/pci0000:00/0000:00:15.0/usb1/1-1/1-1:1.1/0003:046D:C52B.0002/input/input6
[    2.425640] input: Logitech USB Receiver Consumer Control as /devices/pci0000:00/0000:00:15.0/usb1/1-1/1-1:1.1/0003:046D:C52B.0002/input/input7
[    2.485103] input: Logitech USB Receiver System Control as /devices/pci0000:00/0000:00:15.0/usb1/1-1/1-1:1.1/0003:046D:C52B.0002/input/input8
[    2.485691] hid-generic 0003:046D:C52B.0002: input,hiddev0,hidraw1: USB HID v1.11 Mouse [Logitech USB Receiver] on usb-0000:00:15.0-1/input1
[    2.486494] hid-generic 0003:046D:C52B.0003: hiddev1,hidraw2: USB HID v1.11 Device [Logitech USB Receiver] on usb-0000:00:15.0-1/input2
[    2.487125] input: Logitech USB Receiver as /devices/pci0000:00/0000:00:15.0/usb1/1-2/1-2:1.0/0003:046D:C534.0004/input/input10
[    2.545446] hid-generic 0003:046D:C534.0004: input,hidraw3: USB HID v1.11 Keyboard [Logitech USB Receiver] on usb-0000:00:15.0-2/input0
[    2.546509] input: Logitech USB Receiver Mouse as /devices/pci0000:00/0000:00:15.0/usb1/1-2/1-2:1.1/0003:046D:C534.0005/input/input11
[    2.547080] input: Logitech USB Receiver Consumer Control as /devices/pci0000:00/0000:00:15.0/usb1/1-2/1-2:1.1/0003:046D:C534.0005/input/input12
[    2.605201] input: Logitech USB Receiver System Control as /devices/pci0000:00/0000:00:15.0/usb1/1-2/1-2:1.1/0003:046D:C534.0005/input/input13
[    2.605884] hid-generic 0003:046D:C534.0005: input,hiddev2,hidraw4: USB HID v1.11 Mouse [Logitech USB Receiver] on usb-0000:00:15.0-2/input1
[    2.763286] logitech-djreceiver 0003:046D:C52B.0003: hiddev0,hidraw0: USB HID v1.11 Device [Logitech USB Receiver] on usb-0000:00:15.0-1/input2
[    2.884216] input: Logitech Wireless Device PID:4052 Mouse as /devices/pci0000:00/0000:00:15.0/usb1/1-1/1-1:1.2/0003:046D:C52B.0003/0003:046D:4052.0006/input/input16
[    2.929548] hid-generic 0003:046D:4052.0006: input,hidraw1: USB HID v1.11 Mouse [Logitech Wireless Device PID:4052] on usb-0000:00:15.0-1/input2:1
[    2.929844] logitech-djreceiver 0003:046D:C534.0004: hidraw2: USB HID v1.11 Keyboard [Logitech USB Receiver] on usb-0000:00:15.0-2/input0
[    3.106615] logitech-djreceiver 0003:046D:C534.0005: hiddev1,hidraw3: USB HID v1.11 Mouse [Logitech USB Receiver] on usb-0000:00:15.0-2/input1
[    3.167074] logitech-djreceiver 0003:046D:C534.0005: device of type eQUAD nano Lite (0x0a) connected on slot 1
[    3.168769] input: Logitech Wireless Keyboard PID:4075 Keyboard as /devices/pci0000:00/0000:00:15.0/usb1/1-2/1-2:1.1/0003:046D:C534.0005/0003:046D:4075.0007/input/input20
[    3.169050] hid-generic 0003:046D:4075.0007: input,hidraw4: USB HID v1.11 Keyboard [Logitech Wireless Keyboard PID:4075] on usb-0000:00:15.0-2/input1:1
[    3.169080] logitech-djreceiver 0003:046D:C534.0005: device of type eQUAD nano Lite (0x0a) connected on slot 2
[    3.183481] input: Logitech Wireless Mouse PID:4054 Mouse as /devices/pci0000:00/0000:00:15.0/usb1/1-2/1-2:1.1/0003:046D:C534.0005/0003:046D:4054.0008/input/input25
[    3.190113] input: Logitech Wireless Mouse PID:4054 Consumer Control as /devices/pci0000:00/0000:00:15.0/usb1/1-2/1-2:1.1/0003:046D:C534.0005/0003:046D:4054.0008/input/input26
[    3.190286] hid-generic 0003:046D:4054.0008: input,hidraw5: USB HID v1.11 Mouse [Logitech Wireless Mouse PID:4054] on usb-0000:00:15.0-2/input1:2
[    3.279468] input: Logitech M545/M546 as /devices/pci0000:00/0000:00:15.0/usb1/1-1/1-1:1.2/0003:046D:C52B.0003/0003:046D:4052.0006/input/input30
[    3.279870] logitech-hidpp-device 0003:046D:4052.0006: input,hidraw1: USB HID v1.11 Mouse [Logitech M545/M546] on usb-0000:00:15.0-1/input2:1
[    3.339786] input: Logitech Wireless Keyboard PID:4075 as /devices/pci0000:00/0000:00:15.0/usb1/1-2/1-2:1.1/0003:046D:C534.0005/0003:046D:4075.0007/input/input31
[    3.340072] logitech-hidpp-device 0003:046D:4075.0007: input,hidraw4: USB HID v1.11 Keyboard [Logitech Wireless Keyboard PID:4075] on usb-0000:00:15.0-2/input1:1
[    3.427840] input: Logitech Wireless Mouse as /devices/pci0000:00/0000:00:15.0/usb1/1-2/1-2:1.1/0003:046D:C534.0005/0003:046D:4054.0008/input/input32
[    3.428431] logitech-hidpp-device 0003:046D:4054.0008: input,hidraw5: USB HID v1.11 Mouse [Logitech Wireless Mouse] on usb-0000:00:15.0-2/input1:2
[    3.517306] fbcon: Taking over console
[    3.517431] Console: switching to colour frame buffer device 200x75
[    3.553562] EXT4-fs (sda2): mounted filesystem with ordered data mode. Opts: (null). Quota mode: none.
[    3.738998] systemd[1]: Inserted module 'autofs4'
[    3.793102] systemd[1]: systemd 249.11-0ubuntu3.19 running in system mode (+PAM +AUDIT +SELINUX +APPARMOR +IMA +SMACK +SECCOMP +GCRYPT +GNUTLS +OPENSSL +ACL +BLKID +CURL +ELFUTILS +FIDO2 +IDN2 -IDN +IPTC +KMOD +LIBCRYPTSETUP +LIBFDISK +PCRE2 -PWQUALITY -P11KIT -QRENCODE +BZIP2 +LZ4 +XZ +ZLIB +ZSTD -XKBCOMMON +UTMP +SYSVINIT default-hierarchy=unified)
[    3.813090] systemd[1]: Detected architecture x86-64.
[    3.813639] systemd[1]: Hostname set to <nal-neut-1>.
[    3.816411] Lockdown: systemd: /dev/mem,kmem,port is restricted; see man kernel_lockdown.7
[    3.962490] systemd[1]: Configuration file /run/systemd/system/netplan-ovs-cleanup.service is marked world-inaccessible. This has no effect as configuration data is accessible via APIs without restrictions. Proceeding anyway.
[    3.999161] systemd[1]: /lib/systemd/system/snapd.service:23: Unknown key name 'RestartMode' in section 'Service', ignoring.
[    4.087564] systemd[1]: Queued start job for default target Graphical Interface.
[    4.089599] systemd[1]: Created slice Virtual Machine and Container Slice.
[    4.090601] systemd[1]: Created slice Slice /system/modprobe.
[    4.091198] systemd[1]: Created slice Slice /system/systemd-fsck.
[    4.091617] systemd[1]: Created slice User and Session Slice.
[    4.091723] systemd[1]: Started Forward Password Requests to Wall Directory Watch.
[    4.091996] systemd[1]: Set up automount Arbitrary Executable File Formats File System Automount Point.
[    4.092109] systemd[1]: Reached target Remote File Systems.
[    4.092133] systemd[1]: Reached target Slice Units.
[    4.092161] systemd[1]: Reached target Mounting snaps.
[    4.092220] systemd[1]: Reached target Local Verity Protected Volumes.
[    4.092244] systemd[1]: Reached target Libvirt guests shutdown.
[    4.092366] systemd[1]: Listening on Device-mapper event daemon FIFOs.
[    4.092545] systemd[1]: Listening on LVM2 poll daemon socket.
[    4.092736] systemd[1]: Listening on Syslog Socket.
[    4.092868] systemd[1]: Listening on fsck to fsckd communication Socket.
[    4.092947] systemd[1]: Listening on initctl Compatibility Named Pipe.
[    4.094308] systemd[1]: Listening on Journal Audit Socket.
[    4.094462] systemd[1]: Listening on Journal Socket (/dev/log).
[    4.094647] systemd[1]: Listening on Journal Socket.
[    4.094895] systemd[1]: Listening on udev Control Socket.
[    4.095035] systemd[1]: Listening on udev Kernel Socket.
[    4.096256] systemd[1]: Mounting Huge Pages File System...
[    4.097518] systemd[1]: Mounting POSIX Message Queue File System...
[    4.099049] systemd[1]: Mounting Kernel Debug File System...
[    4.100361] systemd[1]: Mounting Kernel Trace File System...
[    4.102908] systemd[1]: Starting Journal Service...
[    4.103183] systemd[1]: Finished Availability of block devices.
[    4.104928] systemd[1]: Starting Set the console keyboard layout...
[    4.106451] systemd[1]: Starting Create List of Static Device Nodes...
[    4.108057] systemd[1]: Starting Monitoring of LVM2 mirrors, snapshots etc. using dmeventd or progress polling...
[    4.109559] systemd[1]: Starting Load Kernel Module configfs...
[    4.111049] systemd[1]: Starting Load Kernel Module drm...
[    4.113110] systemd[1]: Starting Load Kernel Module efi_pstore...
[    4.114860] systemd[1]: Starting Load Kernel Module fuse...
[    4.115194] systemd[1]: Condition check resulted in File System Check on Root Device being skipped.
[    4.120036] systemd[1]: Starting Load Kernel Modules...
[    4.122196] systemd[1]: Starting Remount Root and Kernel File Systems...
[    4.124070] systemd[1]: Starting Coldplug All udev Devices...
[    4.136131] systemd[1]: Mounted Huge Pages File System.
[    4.136712] systemd[1]: Mounted POSIX Message Queue File System.
[    4.137041] systemd[1]: Mounted Kernel Debug File System.
[    4.137533] systemd[1]: Mounted Kernel Trace File System.
[    4.138173] systemd[1]: Finished Create List of Static Device Nodes.
[    4.138665] systemd[1]: modprobe@configfs.service: Deactivated successfully.
[    4.139022] systemd[1]: Finished Load Kernel Module configfs.
[    4.140393] systemd[1]: modprobe@fuse.service: Deactivated successfully.
[    4.141410] systemd[1]: Finished Load Kernel Module fuse.
[    4.146146] EXT4-fs (sda2): re-mounted. Opts: errors=remount-ro. Quota mode: none.
[    4.148781] systemd[1]: Mounting FUSE Control File System...
[    4.155677] pstore: Using crash dump compression: deflate
[    4.155695] pstore: Registered efi as persistent store backend
[    4.156972] systemd[1]: Mounting Kernel Configuration File System...
[    4.159840] systemd[1]: modprobe@drm.service: Deactivated successfully.
[    4.160213] systemd[1]: Finished Load Kernel Module drm.
[    4.161013] systemd[1]: modprobe@efi_pstore.service: Deactivated successfully.
[    4.161313] systemd[1]: Finished Load Kernel Module efi_pstore.
[    4.161904] systemd[1]: Finished Remount Root and Kernel File Systems.
[    4.162091] systemd[1]: Mounted FUSE Control File System.
[    4.162213] systemd[1]: Mounted Kernel Configuration File System.
[    4.164687] systemd[1]: Activating swap /swapfile...
[    4.164821] systemd[1]: Condition check resulted in Platform Persistent Storage Archival being skipped.
[    4.166463] systemd[1]: Starting Load/Save Random Seed...
[    4.168038] systemd[1]: Starting Create System Users...
[    4.170982] systemd[1]: Finished Monitoring of LVM2 mirrors, snapshots etc. using dmeventd or progress polling.
[    4.174066] lp: driver loaded but no devices found
[    4.178997] Adding 2097148k swap on /swapfile.  Priority:-2 extents:6 across:2260988k SSFS
[    4.179107] systemd[1]: Activated swap /swapfile.
[    4.179733] systemd[1]: Finished Load/Save Random Seed.
[    4.179904] systemd[1]: Condition check resulted in First Boot Complete being skipped.
[    4.179934] systemd[1]: Reached target Swaps.
[    4.182448] ppdev: user-space parallel port driver
[    4.194215] systemd[1]: Finished Create System Users.
[    4.195901] systemd[1]: Starting Create Static Device Nodes in /dev...
[    4.207229] bridge: filtering via arp/ip/ip6tables is no longer available by default. Update your scripts to load br_netfilter if you need this.
[    4.210055] Bridge firewalling registered
[    4.214418] systemd[1]: Finished Set the console keyboard layout.
[    4.215394] systemd[1]: Finished Create Static Device Nodes in /dev.
[    4.215535] systemd[1]: Reached target Preparation for Local File Systems.
[    4.217165] systemd[1]: Mounting Prepare /run/qemu to allow still running qemu binaries of former builds (after package upgrades) to fallback-load modules from there...
[    4.219685] systemd[1]: Mounting Mount unit for bare, revision 5...
[    4.221943] systemd[1]: Mounting Mount unit for code, revision 220...
[    4.224490] loop0: detected capacity change from 0 to 8
[    4.224714] systemd[1]: Mounting Mount unit for code, revision 228...
[    4.226262] loop1: detected capacity change from 0 to 680312
[    4.227005] loop2: detected capacity change from 0 to 708040
[    4.227778] systemd[1]: Mounting Mount unit for core, revision 17272...
[    4.229617] systemd[1]: Mounting Mount unit for core, revision 17284...
[    4.231767] loop3: detected capacity change from 0 to 215000
[    4.232813] loop4: detected capacity change from 0 to 215328
[    4.233172] systemd[1]: Mounting Mount unit for core18, revision 2979...
[    4.234900] systemd[1]: Mounting Mount unit for core18, revision 2999...
[    4.236984] loop5: detected capacity change from 0 to 113648
[    4.237811] loop6: detected capacity change from 0 to 113640
[    4.237967] systemd[1]: Mounting Mount unit for core20, revision 2717...
[    4.239748] systemd[1]: Mounting Mount unit for core20, revision 2769...
[    4.240701] loop7: detected capacity change from 0 to 130608
[    4.241786] systemd[1]: Mounting Mount unit for core22, revision 2339...
[    4.242956] loop8: detected capacity change from 0 to 130616
[    4.243476] systemd[1]: Mounting Mount unit for core22, revision 2411...
[    4.245257] loop9: detected capacity change from 0 to 151456
[    4.245467] systemd[1]: Mounting Mount unit for core24, revision 1499...
[    4.247332] systemd[1]: Mounting Mount unit for core24, revision 1587...
[    4.249304] systemd[1]: Mounting Mount unit for docker, revision 3265...
[    4.251092] systemd[1]: Mounting Mount unit for docker, revision 3377...
[    4.252962] systemd[1]: Mounting Mount unit for firefox, revision 7720...
[    4.254737] systemd[1]: Mounting Mount unit for firefox, revision 8030...
[    4.257695] systemd[1]: Mounting Mount unit for gnome-3-38-2004, revision 143...
[    4.260218] systemd[1]: Mounting Mount unit for gnome-42-2204, revision 226...
[    4.262554] systemd[1]: Mounting Mount unit for gnome-42-2204, revision 247...
[    4.264629] systemd[1]: Mounting Mount unit for gtk-common-themes, revision 1474...
[    4.266386] systemd[1]: Mounting Mount unit for gtk-common-themes, revision 1535...
[    4.268270] systemd[1]: Mounting Mount unit for snap-store, revision 1113...
[    4.270173] systemd[1]: Mounting Mount unit for snap-store, revision 1216...
[    4.272036] systemd[1]: Mounting Mount unit for snapd, revision 25935...
[    4.273795] systemd[1]: Mounting Mount unit for snapd, revision 26382...
[    4.277044] systemd[1]: Mounting Mount unit for snapd-desktop-integration, revision 315...
[    4.279116] systemd[1]: Mounting Mount unit for snapd-desktop-integration, revision 343...
[    4.279190] systemd[1]: Condition check resulted in Virtual Machine and Container Storage (Compatibility) being skipped.
[    4.279255] systemd[1]: Reached target Containers.
[    4.281584] systemd[1]: Starting Rule-based Manager for Device Events and Files...
[    4.301969] systemd[1]: Started Journal Service.
[    4.326332] systemd-journald[278]: Received client request to flush runtime journal.
[    4.813840] cfg80211: Loading compiled-in X.509 certificates for regulatory database
[    4.814146] cfg80211: Loaded X.509 cert 'sforshee: 00b28ddf47aef9cea7'
[    4.814394] cfg80211: Loaded X.509 cert 'wens: 61c038651aabdcf94bd0ac7ff06c7248db18c600'
[    4.836083] Intel(R) Wireless WiFi driver for Linux
[    4.836125] iwlwifi 0000:00:0c.0: enabling device (0000 -> 0002)
[    4.862587] ee1004 0-0050: 512 byte EE1004-compliant SPD EEPROM, read-only
[    4.874307] iwlwifi 0000:00:0c.0: WRT: Overriding region id 0
[    4.874314] iwlwifi 0000:00:0c.0: WRT: Overriding region id 1
[    4.874317] iwlwifi 0000:00:0c.0: WRT: Overriding region id 2
[    4.874318] iwlwifi 0000:00:0c.0: WRT: Overriding region id 3
[    4.874320] iwlwifi 0000:00:0c.0: WRT: Overriding region id 4
[    4.874321] iwlwifi 0000:00:0c.0: WRT: Overriding region id 6
[    4.874323] iwlwifi 0000:00:0c.0: WRT: Overriding region id 8
[    4.874324] iwlwifi 0000:00:0c.0: WRT: Overriding region id 9
[    4.874326] iwlwifi 0000:00:0c.0: WRT: Overriding region id 10
[    4.874327] iwlwifi 0000:00:0c.0: WRT: Overriding region id 11
[    4.874329] iwlwifi 0000:00:0c.0: WRT: Overriding region id 15
[    4.874330] iwlwifi 0000:00:0c.0: WRT: Overriding region id 16
[    4.874332] iwlwifi 0000:00:0c.0: WRT: Overriding region id 18
[    4.874333] iwlwifi 0000:00:0c.0: WRT: Overriding region id 19
[    4.874335] iwlwifi 0000:00:0c.0: WRT: Overriding region id 20
[    4.874336] iwlwifi 0000:00:0c.0: WRT: Overriding region id 21
[    4.874338] iwlwifi 0000:00:0c.0: WRT: Overriding region id 28
[    4.874856] iwlwifi 0000:00:0c.0: loaded firmware version 46.fae53a8b.0 9000-pu-b0-jf-b0-46.ucode op_mode iwlmvm
[    4.969477] iwlwifi 0000:00:0c.0: Detected Intel(R) Wireless-AC 9462, REV=0x318
[    4.983077] thermal thermal_zone1: failed to read out thermal zone (-61)
[    5.012931] RAPL PMU: API unit is 2^-32 Joules, 4 fixed counters, 655360 ms ovfl timer
[    5.012937] RAPL PMU: hw unit of domain pp0-core 2^-14 Joules
[    5.012939] RAPL PMU: hw unit of domain package 2^-14 Joules
[    5.012940] RAPL PMU: hw unit of domain dram 2^-14 Joules
[    5.012941] RAPL PMU: hw unit of domain pp1-gpu 2^-14 Joules
[    5.040615] cryptd: max_cpu_qlen set to 1000
[    5.041420] iwlwifi 0000:00:0c.0: base HW address: f8:9e:94:c4:cf:9d
[    5.050162] SSE version of gcm_enc/dec engaged.
[    5.060894] Bluetooth: Core ver 2.22
[    5.075381] NET: Registered PF_BLUETOOTH protocol family
[    5.075387] Bluetooth: HCI device and connection manager initialized
[    5.075393] Bluetooth: HCI socket layer initialized
[    5.075396] Bluetooth: L2CAP socket layer initialized
[    5.075403] Bluetooth: SCO socket layer initialized
[    5.092346] i915 0000:00:02.0: [drm] Unknown revid 0x06
[    5.093330] checking generic (90000000 753000) vs hw (a0000000 1000000)
[    5.093337] checking generic (90000000 753000) vs hw (90000000 10000000)
[    5.093339] fb0: switching to i915 from EFI VGA
[    5.093511] Console: switching to colour dummy device 80x25
[    5.093587] i915 0000:00:02.0: vgaarb: deactivate vga console
[    5.094273] i915 0000:00:02.0: [drm] couldn't get memory information
[    5.096514] i915 0000:00:02.0: vgaarb: changed VGA decodes: olddecodes=io+mem,decodes=io+mem:owns=io+mem
[    5.096932] i915 0000:00:02.0: [drm] Applying Increase DDI Disabled quirk
[    5.100613] i915 0000:00:02.0: [drm] Finished loading DMC firmware i915/glk_dmc_ver1_04.bin (v1.4)
[    5.124695] ieee80211 phy0: Selected rate control algorithm 'iwl-mvm-rs'
[    5.199340] [drm] Initialized i915 1.6.0 20201103 for 0000:00:02.0 on minor 0
[    5.200792] ACPI: video: Video Device [GFX0] (multi-head: yes  rom: no  post: no)
[    5.201586] acpi device:53: registered as cooling_device5
[    5.201670] input: Video Bus as /devices/LNXSYSTM:00/LNXSYBUS:00/PNP0A08:00/LNXVIDEO:00/input/input33
[    5.229737] intel_telemetry_core Init
[    5.244736] usbcore: registered new interface driver btusb
[    5.253080] Bluetooth: hci0: Bootloader revision 0.1 build 42 week 52 2015
[    5.254081] Bluetooth: hci0: Device revision is 2
[    5.254084] Bluetooth: hci0: Secure boot is enabled
[    5.254085] Bluetooth: hci0: OTP lock is enabled
[    5.254086] Bluetooth: hci0: API lock is enabled
[    5.254087] Bluetooth: hci0: Debug lock is disabled
[    5.254088] Bluetooth: hci0: Minimum firmware build 1 week 10 2014
[    5.257710] Bluetooth: hci0: Found device firmware: intel/ibt-17-16-1.sfi
[    5.258717] snd_hda_intel 0000:00:0e.0: bound 0000:00:02.0 (ops i915_audio_component_bind_ops [i915])
[    5.323566] fbcon: i915drmfb (fb0) is primary device
[    5.363072] mei_hdcp 0000:00:0f.0-b638ab7e-94e2-4ea2-a552-d1c54b627f04: bound 0000:00:02.0 (ops i915_hdcp_component_ops [i915])
[    5.373244] iwlwifi 0000:00:0c.0 wlo2: renamed from wlan0
[    5.470489] Console: switching to colour frame buffer device 160x45
[    5.496114] i915 0000:00:02.0: [drm] fb0: i915drmfb frame buffer device
[    5.525728] input: HDA Intel PCH HDMI/DP,pcm=3 as /devices/pci0000:00/0000:00:0e.0/sound/card0/input34
[    5.525822] input: HDA Intel PCH HDMI/DP,pcm=7 as /devices/pci0000:00/0000:00:0e.0/sound/card0/input35
[    5.525906] input: HDA Intel PCH HDMI/DP,pcm=8 as /devices/pci0000:00/0000:00:0e.0/sound/card0/input36
[    5.525994] input: HDA Intel PCH HDMI/DP,pcm=9 as /devices/pci0000:00/0000:00:0e.0/sound/card0/input37
[    5.526075] input: HDA Intel PCH HDMI/DP,pcm=10 as /devices/pci0000:00/0000:00:0e.0/sound/card0/input38
[    5.531590] Invalid pltconfig, ensure IPC1 device is enabled in BIOS
[    5.543683] intel_rapl_common: Found RAPL domain package
[    5.543688] intel_rapl_common: Found RAPL domain core
[    5.543691] intel_rapl_common: Found RAPL domain uncore
[    5.543692] intel_rapl_common: Found RAPL domain dram
[    5.802089] audit: type=1400 audit(1774979938.727:2): apparmor="STATUS" operation="profile_load" profile="unconfined" name="lsb_release" pid=704 comm="apparmor_parser"
[    5.805860] audit: type=1400 audit(1774979938.731:3): apparmor="STATUS" operation="profile_load" profile="unconfined" name="nvidia_modprobe" pid=705 comm="apparmor_parser"
[    5.805869] audit: type=1400 audit(1774979938.731:4): apparmor="STATUS" operation="profile_load" profile="unconfined" name="nvidia_modprobe//kmod" pid=705 comm="apparmor_parser"
[    5.819805] audit: type=1400 audit(1774979938.743:5): apparmor="STATUS" operation="profile_load" profile="unconfined" name="/usr/lib/NetworkManager/nm-dhcp-client.action" pid=706 comm="apparmor_parser"
[    5.819813] audit: type=1400 audit(1774979938.743:6): apparmor="STATUS" operation="profile_load" profile="unconfined" name="/usr/lib/NetworkManager/nm-dhcp-helper" pid=706 comm="apparmor_parser"
[    5.819816] audit: type=1400 audit(1774979938.743:7): apparmor="STATUS" operation="profile_load" profile="unconfined" name="/usr/lib/connman/scripts/dhclient-script" pid=706 comm="apparmor_parser"
[    5.819820] audit: type=1400 audit(1774979938.743:8): apparmor="STATUS" operation="profile_load" profile="unconfined" name="/{,usr/}sbin/dhclient" pid=706 comm="apparmor_parser"
[    5.838099] audit: type=1400 audit(1774979938.763:9): apparmor="STATUS" operation="profile_load" profile="unconfined" name="ubuntu_pro_apt_news" pid=707 comm="apparmor_parser"
[    5.842608] audit: type=1400 audit(1774979938.767:10): apparmor="STATUS" operation="profile_load" profile="unconfined" name="ubuntu_pro_esm_cache" pid=710 comm="apparmor_parser"
[    5.842617] audit: type=1400 audit(1774979938.767:11): apparmor="STATUS" operation="profile_load" profile="unconfined" name="ubuntu_pro_esm_cache//apt_methods" pid=710 comm="apparmor_parser"
[    6.827747] Bluetooth: hci0: Waiting for firmware download to complete
[    6.828071] Bluetooth: hci0: Firmware loaded in 1533549 usecs
[    6.828124] Bluetooth: hci0: Waiting for device to boot
[    6.842083] Bluetooth: hci0: Device booted in 13656 usecs
[    6.845222] Bluetooth: hci0: Found Intel DDC parameters: intel/ibt-17-16-1.ddc
[    6.847077] Bluetooth: hci0: Applying Intel DDC parameters completed
[    6.850081] Bluetooth: hci0: Firmware revision 0.1 build 174 week 4 2022
[    6.946196] Bluetooth: BNEP (Ethernet Emulation) ver 1.3
[    6.946204] Bluetooth: BNEP filters: protocol multicast
[    6.946210] Bluetooth: BNEP socket layer initialized
[    6.967679] NET: Registered PF_ALG protocol family
[    7.512593] Generic FE-GE Realtek PHY r8169-0-200:00: attached PHY driver (mii_bus:phy_addr=r8169-0-200:00, irq=MAC)
[    7.710922] r8169 0000:02:00.0 eno1: Link is Down
[    7.896178] iwlwifi 0000:00:0c.0: Conflict between TLV & NVM regarding enabling LAR (TLV = enabled NVM =disabled)
[    9.353831] Lockdown: modprobe: unsigned module loading is restricted; see man kernel_lockdown.7
[   10.230530] Lockdown: systemd-logind: hibernation is restricted; see man kernel_lockdown.7
[   10.554921] rfkill: input handler disabled
[   11.380982] r8169 0000:02:00.0 eno1: Link is Up - 1Gbps/Full - flow control off
[   11.380990] IPv6: ADDRCONF(NETDEV_CHANGE): eno1: link becomes ready
[   14.331869] kauditd_printk_skb: 70 callbacks suppressed
[   14.331874] audit: type=1400 audit(1774979947.255:82): apparmor="DENIED" operation="capable" profile="/usr/sbin/cups-browsed" pid=1995 comm="cups-browsed" capability=23  capname="sys_nice"
[   14.358077] Guest personality initialized and is inactive
[   14.362146] VMCI host device registered (name=vmci, major=10, minor=120)
[   14.362152] Initialized host personality
[   14.396896] NET: Registered PF_VSOCK protocol family
[   15.392392] set_capacity_and_notify: 18 callbacks suppressed
[   15.392396] loop28: detected capacity change from 0 to 8
[   17.771110] logitech-hidpp-device 0003:046D:4052.0006: HID++ 4.5 device connected.
[   19.817660] audit: type=1400 audit(1774979952.743:83): apparmor="DENIED" operation="ptrace" profile="snap.docker.dockerd" pid=2215 comm="ps" requested_mask="read" denied_mask="read" peer="/usr/sbin/cupsd"
[   19.817953] audit: type=1400 audit(1774979952.743:84): apparmor="DENIED" operation="ptrace" profile="snap.docker.dockerd" pid=2215 comm="ps" requested_mask="read" denied_mask="read" peer="libvirtd"
[   19.838341] audit: type=1400 audit(1774979952.763:85): apparmor="DENIED" operation="ptrace" profile="snap.docker.dockerd" pid=2215 comm="ps" requested_mask="read" denied_mask="read" peer="/usr/sbin/cups-browsed"
[   19.839504] audit: type=1400 audit(1774979952.763:86): apparmor="DENIED" operation="ptrace" profile="snap.docker.dockerd" pid=2215 comm="ps" requested_mask="read" denied_mask="read" peer="/usr/sbin/cupsd"
[   19.839814] audit: type=1400 audit(1774979952.763:87): apparmor="DENIED" operation="ptrace" profile="snap.docker.dockerd" pid=2215 comm="ps" requested_mask="read" denied_mask="read" peer="/usr/sbin/cupsd"
[   19.929213] audit: type=1400 audit(1774979952.855:88): apparmor="STATUS" operation="profile_load" profile="snap.docker.dockerd" name="docker-default" pid=2217 comm="apparmor_parser"
[   19.947128] logitech-hidpp-device 0003:046D:4075.0007: HID++ 4.5 device connected.
[   20.287000] Initializing XFRM netlink socket
[   30.932264] rfkill: input handler enabled
[   31.417676] Bluetooth: RFCOMM TTY layer initialized
[   31.417689] Bluetooth: RFCOMM socket layer initialized
[   31.417696] Bluetooth: RFCOMM ver 1.11
[   32.553178] Lockdown: systemd-logind: hibernation is restricted; see man kernel_lockdown.7
[   33.424158] rfkill: input handler disabled
[   38.006060] audit: type=1107 audit(1774979970.970:89): pid=807 uid=100 auid=4294967295 ses=4294967295 subj=unconfined msg='apparmor="DENIED" operation="dbus_method_call"  bus="system" path="/org/freedesktop/PolicyKit1/Authority" interface="org.freedesktop.DBus.Properties" member="GetAll" mask="send" name=":1.14" pid=3012 label="snap.snap-store.ubuntu-software" peer_pid=818 peer_label="unconfined"
                exe="/usr/bin/dbus-daemon" sauid=100 hostname=? addr=? terminal=?'
[   38.006406] audit: type=1107 audit(1774979970.974:90): pid=807 uid=100 auid=4294967295 ses=4294967295 subj=unconfined msg='apparmor="DENIED" operation="dbus_method_call"  bus="system" path="/org/freedesktop/PolicyKit1/Authority" interface="org.freedesktop.PolicyKit1.Authority" member="CheckAuthorization" mask="send" name=":1.14" pid=3012 label="snap.snap-store.ubuntu-software" peer_pid=818 peer_label="unconfined"
                exe="/usr/bin/dbus-daemon" sauid=100 hostname=? addr=? terminal=?'
[   38.012816] audit: type=1107 audit(1774979970.978:91): pid=807 uid=100 auid=4294967295 ses=4294967295 subj=unconfined msg='apparmor="DENIED" operation="dbus_method_call"  bus="system" path="/org/freedesktop/PolicyKit1/Authority" interface="org.freedesktop.DBus.Properties" member="GetAll" mask="send" name=":1.14" pid=3012 label="snap.snap-store.ubuntu-software" peer_pid=818 peer_label="unconfined"
                exe="/usr/bin/dbus-daemon" sauid=100 hostname=? addr=? terminal=?'
[   38.013170] audit: type=1107 audit(1774979970.978:92): pid=807 uid=100 auid=4294967295 ses=4294967295 subj=unconfined msg='apparmor="DENIED" operation="dbus_method_call"  bus="system" path="/org/freedesktop/PolicyKit1/Authority" interface="org.freedesktop.PolicyKit1.Authority" member="CheckAuthorization" mask="send" name=":1.14" pid=3012 label="snap.snap-store.ubuntu-software" peer_pid=818 peer_label="unconfined"
                exe="/usr/bin/dbus-daemon" sauid=100 hostname=? addr=? terminal=?'
[   38.442613] audit: type=1400 audit(1774979971.426:93): apparmor="DENIED" operation="open" profile="snap.snap-store.ubuntu-software" name="/etc/appstream.conf" pid=3012 comm="snap-store" requested_mask="r" denied_mask="r" fsuid=1000 ouid=0
[  177.813700] my_cca: loading out-of-tree module taints kernel.
[  177.814018] TCP: my_cca: registering standalone Reno-style congestion control
[  336.691215] TCP: my_cca: slow_start cwnd=18 ssthresh=2147483647 acked_left=0 Destination: 104.208.16.91:443
[  336.691232] TCP: my_cca: slow_start cwnd=20 ssthresh=2147483647 acked_left=0 Destination: 104.208.16.91:443
[  340.508105] TCP: my_cca: slow_start cwnd=11 ssthresh=2147483647 acked_left=0 Destination: 127.0.0.1:46872
[  340.508135] TCP: my_cca: slow_start cwnd=12 ssthresh=2147483647 acked_left=0 Destination: 127.0.0.1:46872
[  340.508154] TCP: my_cca: slow_start cwnd=13 ssthresh=2147483647 acked_left=0 Destination: 127.0.0.1:46872
[  340.508173] TCP: my_cca: slow_start cwnd=14 ssthresh=2147483647 acked_left=0 Destination: 127.0.0.1:46872
[  340.508235] TCP: my_cca: slow_start cwnd=19 ssthresh=2147483647 acked_left=0 Destination: 127.0.0.1:46872
[  340.508317] TCP: my_cca: slow_start cwnd=36 ssthresh=2147483647 acked_left=0 Destination: 127.0.0.1:46872
[  340.509100] TCP: my_cca: slow_start cwnd=38 ssthresh=2147483647 acked_left=0 Destination: 127.0.0.1:46872
[  340.509150] TCP: my_cca: slow_start cwnd=72 ssthresh=2147483647 acked_left=0 Destination: 127.0.0.1:46872
[  340.510532] TCP: my_cca: slow_start cwnd=89 ssthresh=2147483647 acked_left=0 Destination: 127.0.0.1:46872
[  340.518477] TCP: my_cca: slow_start cwnd=94 ssthresh=2147483647 acked_left=0 Destination: 127.0.0.1:46872
[  340.519036] TCP: my_cca: slow_start cwnd=138 ssthresh=2147483647 acked_left=0 Destination: 127.0.0.1:46872
[  340.580705] TCP: my_cca: slow_start cwnd=12 ssthresh=2147483647 acked_left=0 Destination: 104.208.16.91:443
[  340.580727] TCP: my_cca: slow_start cwnd=18 ssthresh=2147483647 acked_left=0 Destination: 104.208.16.91:443
[  340.580734] TCP: my_cca: slow_start cwnd=20 ssthresh=2147483647 acked_left=0 Destination: 104.208.16.91:443
[  430.027744] TCP: my_cca: slow_start cwnd=12 ssthresh=2147483647 acked_left=0 Destination: 20.42.65.94:443
[  430.027814] TCP: my_cca: slow_start cwnd=16 ssthresh=2147483647 acked_left=0 Destination: 20.42.65.94:443
[  430.027824] TCP: my_cca: slow_start cwnd=17 ssthresh=2147483647 acked_left=0 Destination: 20.42.65.94:443
[  430.027830] TCP: my_cca: slow_start cwnd=18 ssthresh=2147483647 acked_left=0 Destination: 20.42.65.94:443
[  430.027838] TCP: my_cca: slow_start cwnd=19 ssthresh=2147483647 acked_left=0 Destination: 20.42.65.94:443
[  430.027845] TCP: my_cca: slow_start cwnd=20 ssthresh=2147483647 acked_left=0 Destination: 20.42.65.94:443
[  430.121436] TCP: my_cca: slow_start cwnd=21 ssthresh=2147483647 acked_left=0 Destination: 20.42.65.94:443
[  466.243000] TCP: my_cca: slow_start cwnd=11 ssthresh=2147483647 acked_left=0 Destination: 127.0.0.1:59352
[  466.243038] TCP: my_cca: slow_start cwnd=12 ssthresh=2147483647 acked_left=0 Destination: 127.0.0.1:59352
[  466.243063] TCP: my_cca: slow_start cwnd=13 ssthresh=2147483647 acked_left=0 Destination: 127.0.0.1:59352
[  466.243089] TCP: my_cca: slow_start cwnd=14 ssthresh=2147483647 acked_left=0 Destination: 127.0.0.1:59352
[  466.243121] TCP: my_cca: slow_start cwnd=15 ssthresh=2147483647 acked_left=0 Destination: 127.0.0.1:59352
[  466.243145] TCP: my_cca: slow_start cwnd=16 ssthresh=2147483647 acked_left=0 Destination: 127.0.0.1:59352
[  466.243169] TCP: my_cca: slow_start cwnd=17 ssthresh=2147483647 acked_left=0 Destination: 127.0.0.1:59352
[  466.243194] TCP: my_cca: slow_start cwnd=18 ssthresh=2147483647 acked_left=0 Destination: 127.0.0.1:59352
[  466.243218] TCP: my_cca: slow_start cwnd=19 ssthresh=2147483647 acked_left=0 Destination: 127.0.0.1:59352
[  466.243242] TCP: my_cca: slow_start cwnd=20 ssthresh=2147483647 acked_left=0 Destination: 127.0.0.1:59352
[  466.243267] TCP: my_cca: slow_start cwnd=21 ssthresh=2147483647 acked_left=0 Destination: 127.0.0.1:59352
[  466.243292] TCP: my_cca: slow_start cwnd=22 ssthresh=2147483647 acked_left=0 Destination: 127.0.0.1:59352
[  466.243317] TCP: my_cca: slow_start cwnd=23 ssthresh=2147483647 acked_left=0 Destination: 127.0.0.1:59352
[  466.243341] TCP: my_cca: slow_start cwnd=24 ssthresh=2147483647 acked_left=0 Destination: 127.0.0.1:59352
[  466.243367] TCP: my_cca: slow_start cwnd=25 ssthresh=2147483647 acked_left=0 Destination: 127.0.0.1:59352
[  466.247490] TCP: my_cca: slow_start cwnd=50 ssthresh=2147483647 acked_left=0 Destination: 127.0.0.1:59352
[  466.249658] TCP: my_cca: slow_start cwnd=98 ssthresh=2147483647 acked_left=0 Destination: 127.0.0.1:59352
[    0.000000] microcode: microcode updated early to revision 0x26, date = 2024-12-05
[    0.000000] Linux version 5.15.0-173-generic (buildd@lcy02-amd64-034) (gcc (Ubuntu 11.4.0-1ubuntu1~22.04.3) 11.4.0, GNU ld (GNU Binutils for Ubuntu) 2.38) #183-Ubuntu SMP Fri Mar 6 13:29:34 UTC 2026 (Ubuntu 5.15.0-173.183-generic 5.15.198)
[    0.000000] Command line: BOOT_IMAGE=/boot/vmlinuz-5.15.0-173-generic root=UUID=9ea9b1d6-d5ec-4bc3-82e4-2d99291b77cc ro quiet splash vt.handoff=7
[    0.000000] KERNEL supported cpus:
[    0.000000]   Intel GenuineIntel
[    0.000000]   AMD AuthenticAMD
[    0.000000]   Hygon HygonGenuine
[    0.000000]   Centaur CentaurHauls
[    0.000000]   zhaoxin   Shanghai  
[    0.000000] BIOS-provided physical RAM map:
[    0.000000] BIOS-e820: [mem 0x0000000000000000-0x000000000003efff] usable
[    0.000000] BIOS-e820: [mem 0x000000000003f000-0x000000000003ffff] reserved
[    0.000000] BIOS-e820: [mem 0x0000000000040000-0x0000000000058fff] usable
[    0.000000] BIOS-e820: [mem 0x0000000000059000-0x0000000000059fff] reserved
[    0.000000] BIOS-e820: [mem 0x000000000005a000-0x000000000009dfff] usable
[    0.000000] BIOS-e820: [mem 0x000000000009e000-0x00000000000fffff] reserved
[    0.000000] BIOS-e820: [mem 0x0000000000100000-0x000000000fffffff] usable
[    0.000000] BIOS-e820: [mem 0x0000000010000000-0x0000000012150fff] reserved
[    0.000000] BIOS-e820: [mem 0x0000000012151000-0x00000000673d6fff] usable
[    0.000000] BIOS-e820: [mem 0x00000000673d7000-0x0000000069c9bfff] reserved
[    0.000000] BIOS-e820: [mem 0x0000000069c9c000-0x0000000069cbffff] ACPI data
[    0.000000] BIOS-e820: [mem 0x0000000069cc0000-0x0000000069d1ffff] ACPI NVS
[    0.000000] BIOS-e820: [mem 0x0000000069d20000-0x000000006a16efff] reserved
[    0.000000] BIOS-e820: [mem 0x000000006a16f000-0x000000006a564fff] usable
[    0.000000] BIOS-e820: [mem 0x000000006a565000-0x000000006a610fff] reserved
[    0.000000] BIOS-e820: [mem 0x000000006a611000-0x000000006abfffff] usable
[    0.000000] BIOS-e820: [mem 0x000000006ac00000-0x000000007fffffff] reserved
[    0.000000] BIOS-e820: [mem 0x00000000d0000000-0x00000000d0ffffff] reserved
[    0.000000] BIOS-e820: [mem 0x00000000d3709000-0x00000000d3709fff] reserved
[    0.000000] BIOS-e820: [mem 0x00000000e0000000-0x00000000efffffff] reserved
[    0.000000] BIOS-e820: [mem 0x00000000fe042000-0x00000000fe044fff] reserved
[    0.000000] BIOS-e820: [mem 0x00000000fe900000-0x00000000fe902fff] reserved
[    0.000000] BIOS-e820: [mem 0x00000000fec00000-0x00000000fec00fff] reserved
[    0.000000] BIOS-e820: [mem 0x00000000fed01000-0x00000000fed01fff] reserved
[    0.000000] BIOS-e820: [mem 0x00000000fee00000-0x00000000fee00fff] reserved
[    0.000000] BIOS-e820: [mem 0x00000000ff000000-0x00000000ffffffff] reserved
[    0.000000] BIOS-e820: [mem 0x0000000100000000-0x000000027fffffff] usable
[    0.000000] NX (Execute Disable) protection: active
[    0.000000] e820: update [mem 0x5b95a018-0x5b96a057] usable ==> usable
[    0.000000] e820: update [mem 0x5b95a018-0x5b96a057] usable ==> usable
[    0.000000] e820: update [mem 0x5b94b018-0x5b959057] usable ==> usable
[    0.000000] e820: update [mem 0x5b94b018-0x5b959057] usable ==> usable
[    0.000000] extended physical RAM map:
[    0.000000] reserve setup_data: [mem 0x0000000000000000-0x000000000003efff] usable
[    0.000000] reserve setup_data: [mem 0x000000000003f000-0x000000000003ffff] reserved
[    0.000000] reserve setup_data: [mem 0x0000000000040000-0x0000000000058fff] usable
[    0.000000] reserve setup_data: [mem 0x0000000000059000-0x0000000000059fff] reserved
[    0.000000] reserve setup_data: [mem 0x000000000005a000-0x000000000009dfff] usable
[    0.000000] reserve setup_data: [mem 0x000000000009e000-0x00000000000fffff] reserved
[    0.000000] reserve setup_data: [mem 0x0000000000100000-0x000000000fffffff] usable
[    0.000000] reserve setup_data: [mem 0x0000000010000000-0x0000000012150fff] reserved
[    0.000000] reserve setup_data: [mem 0x0000000012151000-0x000000005b94b017] usable
[    0.000000] reserve setup_data: [mem 0x000000005b94b018-0x000000005b959057] usable
[    0.000000] reserve setup_data: [mem 0x000000005b959058-0x000000005b95a017] usable
[    0.000000] reserve setup_data: [mem 0x000000005b95a018-0x000000005b96a057] usable
[    0.000000] reserve setup_data: [mem 0x000000005b96a058-0x00000000673d6fff] usable
[    0.000000] reserve setup_data: [mem 0x00000000673d7000-0x0000000069c9bfff] reserved
[    0.000000] reserve setup_data: [mem 0x0000000069c9c000-0x0000000069cbffff] ACPI data
[    0.000000] reserve setup_data: [mem 0x0000000069cc0000-0x0000000069d1ffff] ACPI NVS
[    0.000000] reserve setup_data: [mem 0x0000000069d20000-0x000000006a16efff] reserved
[    0.000000] reserve setup_data: [mem 0x000000006a16f000-0x000000006a564fff] usable
[    0.000000] reserve setup_data: [mem 0x000000006a565000-0x000000006a610fff] reserved
[    0.000000] reserve setup_data: [mem 0x000000006a611000-0x000000006abfffff] usable
[    0.000000] reserve setup_data: [mem 0x000000006ac00000-0x000000007fffffff] reserved
[    0.000000] reserve setup_data: [mem 0x00000000d0000000-0x00000000d0ffffff] reserved
[    0.000000] reserve setup_data: [mem 0x00000000d3709000-0x00000000d3709fff] reserved
[    0.000000] reserve setup_data: [mem 0x00000000e0000000-0x00000000efffffff] reserved
[    0.000000] reserve setup_data: [mem 0x00000000fe042000-0x00000000fe044fff] reserved
[    0.000000] reserve setup_data: [mem 0x00000000fe900000-0x00000000fe902fff] reserved
[    0.000000] reserve setup_data: [mem 0x00000000fec00000-0x00000000fec00fff] reserved
[    0.000000] reserve setup_data: [mem 0x00000000fed01000-0x00000000fed01fff] reserved
[    0.000000] reserve setup_data: [mem 0x00000000fee00000-0x00000000fee00fff] reserved
[    0.000000] reserve setup_data: [mem 0x00000000ff000000-0x00000000ffffffff] reserved
[    0.000000] reserve setup_data: [mem 0x0000000100000000-0x000000027fffffff] usable
[    0.000000] efi: EFI v2.70 by American Megatrends
[    0.000000] efi: ACPI 2.0=0x69cac000 ACPI=0x69cac000 TPMFinalLog=0x69cee000 SMBIOS=0x69f6d000 SMBIOS 3.0=0x69f6c000 MEMATTR=0x63387018 ESRT=0x69f48f18 MOKvar=0x69f97000 RNG=0x69cab018 TPMEventLog=0x69ca2018 
[    0.000000] random: crng init done
[    0.000000] secureboot: Secure boot enabled
[    0.000000] Kernel is locked down from EFI Secure Boot mode; see man kernel_lockdown.7
[    0.000000] SMBIOS 3.2.0 present.
[    0.000000] DMI: Intel(R) Client Systems NUC7PJYHN/NUC7JYB, BIOS JYGLKCPX.86A.0067.2021.1111.1431 11/11/2021
[    0.000000] tsc: Detected 1996.800 MHz processor
[    0.000029] e820: update [mem 0x00000000-0x00000fff] usable ==> reserved
[    0.000036] e820: remove [mem 0x000a0000-0x000fffff] usable
[    0.000065] last_pfn = 0x280000 max_arch_pfn = 0x400000000
[    0.000115] x86/PAT: Configuration [0-7]: WB  WC  UC- UC  WB  WP  UC- WT  
[    0.000340] last_pfn = 0x6ac00 max_arch_pfn = 0x400000000
[    0.008052] esrt: Reserving ESRT space from 0x0000000069f48f18 to 0x0000000069f48f50.
[    0.008073] Using GB pages for direct mapping
[    0.009372] secureboot: Secure boot enabled
[    0.009373] RAMDISK: [mem 0x5b96b000-0x605a0fff]
[    0.009385] ACPI: Early table checksum verification disabled
[    0.009392] ACPI: RSDP 0x0000000069CAC000 000024 (v02 INTEL )
[    0.009399] ACPI: XSDT 0x0000000069CAC0C0 0000DC (v01 INTEL  NUC7CJYB 01072009 AMI  00010013)
[    0.009410] ACPI: FACP 0x0000000069CB9630 000114 (v06 INTEL  NUC7CJYB 01072009 AMI  00010013)
[    0.009421] ACPI: DSDT 0x0000000069CAC230 00D3FB (v02 INTEL  NUC7CJYB 01072009 INTL 20160930)
[    0.009429] ACPI: FACS 0x0000000069D1F080 000040
[    0.009434] ACPI: FPDT 0x0000000069CB9750 000044 (v01 INTEL  NUC7CJYB 01072009 AMI  00010013)
[    0.009441] ACPI: FIDT 0x0000000069CB97A0 00009C (v01 INTEL  NUC7CJYB 01072009 AMI  00010013)
[    0.009447] ACPI: MCFG 0x0000000069CB9840 00003C (v01 INTEL  NUC7CJYB 01072009 MSFT 00000097)
[    0.009453] ACPI: DBG2 0x0000000069CB9880 000072 (v00 INTEL  NUC7CJYB 00000003 BRXT 0100000D)
[    0.009460] ACPI: DBGP 0x0000000069CB9900 000034 (v01 INTEL  NUC7CJYB 00000003 BRXT 0100000D)
[    0.009466] ACPI: HPET 0x0000000069CB9940 000038 (v01 INTEL  NUC7CJYB 00000003 BRXT 0100000D)
[    0.009472] ACPI: LPIT 0x0000000069CB9980 00005C (v01 INTEL  NUC7CJYB 00000003 BRXT 0100000D)
[    0.009478] ACPI: APIC 0x0000000069CB99E0 000084 (v04 INTEL  NUC7CJYB 00000003 BRXT 0100000D)
[    0.009485] ACPI: NPKT 0x0000000069CB9A70 000065 (v01 INTEL  NUC7CJYB 00000003 BRXT 0100000D)
[    0.009491] ACPI: SSDT 0x0000000069CB9AE0 0010B3 (v02 INTEL  NUC7CJYB 00000003 BRXT 0100000D)
[    0.009497] ACPI: SSDT 0x0000000069CBABA0 0009FF (v01 INTEL  NUC7CJYB 00001000 INTL 20160930)
[    0.009504] ACPI: SSDT 0x0000000069CBB5A0 0000B1 (v01 INTEL  NUC7CJYB 00001000 INTL 20160930)
[    0.009510] ACPI: SSDT 0x0000000069CBB660 000661 (v02 INTEL  NUC7CJYB 00003000 INTL 20160930)
[    0.009517] ACPI: SSDT 0x0000000069CBBCD0 000775 (v02 INTEL  NUC7CJYB 00003000 INTL 20160930)
[    0.009524] ACPI: SSDT 0x0000000069CBC450 00035F (v02 INTEL  NUC7CJYB 00003000 INTL 20160930)
[    0.009530] ACPI: SSDT 0x0000000069CBC7B0 0001E6 (v02 INTEL  NUC7CJYB 00003000 INTL 20160930)
[    0.009536] ACPI: SSDT 0x0000000069CBC9A0 00286F (v02 INTEL  NUC7CJYB 00003000 INTL 20160930)
[    0.009543] ACPI: BGRT 0x0000000069CBF210 000038 (v01 INTEL  NUC7CJYB 01072009 AMI  00010013)
[    0.009549] ACPI: TPM2 0x0000000069CBF250 000034 (v04 INTEL  NUC7CJYB 00000001 AMI  00000000)
[    0.009556] ACPI: DMAR 0x0000000069CBF290 0000A8 (v01 INTEL  NUC7CJYB 00000003 BRXT 0100000D)
[    0.009562] ACPI: WDAT 0x0000000069CBF340 000104 (v01 INTEL  NUC7CJYB 00000000      00000000)
[    0.009568] ACPI: WSMT 0x0000000069CBF450 000028 (v01 INTEL  NUC7CJYB 01072009 AMI  00010013)
[    0.009574] ACPI: Reserving FACP table memory at [mem 0x69cb9630-0x69cb9743]
[    0.009577] ACPI: Reserving DSDT table memory at [mem 0x69cac230-0x69cb962a]
[    0.009579] ACPI: Reserving FACS table memory at [mem 0x69d1f080-0x69d1f0bf]
[    0.009581] ACPI: Reserving FPDT table memory at [mem 0x69cb9750-0x69cb9793]
[    0.009583] ACPI: Reserving FIDT table memory at [mem 0x69cb97a0-0x69cb983b]
[    0.009586] ACPI: Reserving MCFG table memory at [mem 0x69cb9840-0x69cb987b]
[    0.009588] ACPI: Reserving DBG2 table memory at [mem 0x69cb9880-0x69cb98f1]
[    0.009590] ACPI: Reserving DBGP table memory at [mem 0x69cb9900-0x69cb9933]
[    0.009592] ACPI: Reserving HPET table memory at [mem 0x69cb9940-0x69cb9977]
[    0.009594] ACPI: Reserving LPIT table memory at [mem 0x69cb9980-0x69cb99db]
[    0.009596] ACPI: Reserving APIC table memory at [mem 0x69cb99e0-0x69cb9a63]
[    0.009598] ACPI: Reserving NPKT table memory at [mem 0x69cb9a70-0x69cb9ad4]
[    0.009601] ACPI: Reserving SSDT table memory at [mem 0x69cb9ae0-0x69cbab92]
[    0.009603] ACPI: Reserving SSDT table memory at [mem 0x69cbaba0-0x69cbb59e]
[    0.009605] ACPI: Reserving SSDT table memory at [mem 0x69cbb5a0-0x69cbb650]
[    0.009607] ACPI: Reserving SSDT table memory at [mem 0x69cbb660-0x69cbbcc0]
[    0.009609] ACPI: Reserving SSDT table memory at [mem 0x69cbbcd0-0x69cbc444]
[    0.009612] ACPI: Reserving SSDT table memory at [mem 0x69cbc450-0x69cbc7ae]
[    0.009614] ACPI: Reserving SSDT table memory at [mem 0x69cbc7b0-0x69cbc995]
[    0.009616] ACPI: Reserving SSDT table memory at [mem 0x69cbc9a0-0x69cbf20e]
[    0.009618] ACPI: Reserving BGRT table memory at [mem 0x69cbf210-0x69cbf247]
[    0.009621] ACPI: Reserving TPM2 table memory at [mem 0x69cbf250-0x69cbf283]
[    0.009623] ACPI: Reserving DMAR table memory at [mem 0x69cbf290-0x69cbf337]
[    0.009625] ACPI: Reserving WDAT table memory at [mem 0x69cbf340-0x69cbf443]
[    0.009627] ACPI: Reserving WSMT table memory at [mem 0x69cbf450-0x69cbf477]
[    0.010164] No NUMA configuration found
[    0.010167] Faking a node at [mem 0x0000000000000000-0x000000027fffffff]
[    0.010191] NODE_DATA(0) allocated [mem 0x27ffd6000-0x27fffffff]
[    0.011126] Zone ranges:
[    0.011127]   DMA      [mem 0x0000000000001000-0x0000000000ffffff]
[    0.011131]   DMA32    [mem 0x0000000001000000-0x00000000ffffffff]
[    0.011135]   Normal   [mem 0x0000000100000000-0x000000027fffffff]
[    0.011138]   Device   empty
[    0.011141] Movable zone start for each node
[    0.011147] Early memory node ranges
[    0.011149]   node   0: [mem 0x0000000000001000-0x000000000003efff]
[    0.011152]   node   0: [mem 0x0000000000040000-0x0000000000058fff]
[    0.011154]   node   0: [mem 0x000000000005a000-0x000000000009dfff]
[    0.011156]   node   0: [mem 0x0000000000100000-0x000000000fffffff]
[    0.011158]   node   0: [mem 0x0000000012151000-0x00000000673d6fff]
[    0.011160]   node   0: [mem 0x000000006a16f000-0x000000006a564fff]
[    0.011162]   node   0: [mem 0x000000006a611000-0x000000006abfffff]
[    0.011164]   node   0: [mem 0x0000000100000000-0x000000027fffffff]
[    0.011168] Initmem setup node 0 [mem 0x0000000000001000-0x000000027fffffff]
[    0.011178] On node 0, zone DMA: 1 pages in unavailable ranges
[    0.011181] On node 0, zone DMA: 1 pages in unavailable ranges
[    0.011184] On node 0, zone DMA: 1 pages in unavailable ranges
[    0.011262] On node 0, zone DMA: 98 pages in unavailable ranges
[    0.019367] On node 0, zone DMA32: 8529 pages in unavailable ranges
[    0.019838] On node 0, zone DMA32: 11672 pages in unavailable ranges
[    0.019876] On node 0, zone DMA32: 172 pages in unavailable ranges
[    0.050326] On node 0, zone Normal: 21504 pages in unavailable ranges
[    0.050350] Reserving Intel graphics memory at [mem 0x7c000000-0x7fffffff]
[    0.050548] ACPI: PM-Timer IO Port: 0x408
[    0.050565] ACPI: LAPIC_NMI (acpi_id[0x01] high level lint[0x1])
[    0.050569] ACPI: LAPIC_NMI (acpi_id[0x02] high level lint[0x1])
[    0.050571] ACPI: LAPIC_NMI (acpi_id[0x03] high level lint[0x1])
[    0.050573] ACPI: LAPIC_NMI (acpi_id[0x04] high level lint[0x1])
[    0.050609] IOAPIC[0]: apic_id 1, version 32, address 0xfec00000, GSI 0-119
